 9月 25 17:27:21 archlinux kernel: Linux version 6.10.10-arch1-1 (linux@archlinux) (gcc (GCC) 14.2.1 20240910, GNU ld (GNU Binutils) 2.43.0) #1 SMP PREEMPT_DYNAMIC Thu, 12 Sep 2024 17:21:02 +0000
 9月 25 17:27:21 archlinux kernel: Command line: rd.luks.uuid=499ca034-4970-4e24-aada-310d7d6ab42f cryptdevice=UUID=499ca034-4970-4e24-aada-310d7d6ab42f:cryptlvm:allow-discards root=/dev/vg1/root rootflags=subvol=@ rw loglevel=4 add_efi_memmap amdgpu.dcdebugmask=0x10 initrd=\initramfs-linux.img
 9月 25 17:27:21 archlinux kernel: BIOS-provided physical RAM map:
 9月 25 17:27:21 archlinux kernel: BIOS-e820: [mem 0x0000000000000000-0x000000000009efff] usable
 9月 25 17:27:21 archlinux kernel: BIOS-e820: [mem 0x000000000009f000-0x00000000000bffff] reserved
 9月 25 17:27:21 archlinux kernel: BIOS-e820: [mem 0x0000000000100000-0x0000000009afffff] usable
 9月 25 17:27:21 archlinux kernel: BIOS-e820: [mem 0x0000000009b00000-0x0000000009dfffff] reserved
 9月 25 17:27:21 archlinux kernel: BIOS-e820: [mem 0x0000000009e00000-0x0000000009efffff] usable
 9月 25 17:27:21 archlinux kernel: BIOS-e820: [mem 0x0000000009f00000-0x0000000009f3bfff] ACPI NVS
 9月 25 17:27:21 archlinux kernel: BIOS-e820: [mem 0x0000000009f3c000-0x0000000049b5ffff] usable
 9月 25 17:27:21 archlinux kernel: BIOS-e820: [mem 0x0000000049b60000-0x000000004bd5ffff] reserved
 9月 25 17:27:21 archlinux kernel: BIOS-e820: [mem 0x000000004bd60000-0x000000004bd68fff] usable
 9月 25 17:27:21 archlinux kernel: BIOS-e820: [mem 0x000000004bd69000-0x000000004bd6cfff] reserved
 9月 25 17:27:21 archlinux kernel: BIOS-e820: [mem 0x000000004bd6d000-0x000000004bd6efff] usable
 9月 25 17:27:21 archlinux kernel: BIOS-e820: [mem 0x000000004bd6f000-0x000000004bd6ffff] reserved
 9月 25 17:27:21 archlinux kernel: BIOS-e820: [mem 0x000000004bd70000-0x0000000057f7efff] usable
 9月 25 17:27:21 archlinux kernel: BIOS-e820: [mem 0x0000000057f7f000-0x000000005a77efff] reserved
 9月 25 17:27:21 archlinux kernel: BIOS-e820: [mem 0x000000005a77f000-0x000000005af7efff] ACPI NVS
 9月 25 17:27:21 archlinux kernel: BIOS-e820: [mem 0x000000005af7f000-0x000000005affefff] ACPI data
 9月 25 17:27:21 archlinux kernel: BIOS-e820: [mem 0x000000005afff000-0x000000005affffff] usable
 9月 25 17:27:21 archlinux kernel: BIOS-e820: [mem 0x000000005b000000-0x000000005bffffff] reserved
 9月 25 17:27:21 archlinux kernel: BIOS-e820: [mem 0x000000005d790000-0x000000005d7effff] reserved
 9月 25 17:27:21 archlinux kernel: BIOS-e820: [mem 0x000000005d7f5000-0x000000005fffffff] reserved
 9月 25 17:27:21 archlinux kernel: BIOS-e820: [mem 0x00000000c0300000-0x00000000c03fffff] reserved
 9月 25 17:27:21 archlinux kernel: BIOS-e820: [mem 0x00000000e0000000-0x00000000efffffff] reserved
 9月 25 17:27:21 archlinux kernel: BIOS-e820: [mem 0x00000000fec00000-0x00000000fec01fff] reserved
 9月 25 17:27:21 archlinux kernel: BIOS-e820: [mem 0x00000000fec10000-0x00000000fec10fff] reserved
 9月 25 17:27:21 archlinux kernel: BIOS-e820: [mem 0x00000000fec20000-0x00000000fec20fff] reserved
 9月 25 17:27:21 archlinux kernel: BIOS-e820: [mem 0x00000000fed80000-0x00000000fed81fff] reserved
 9月 25 17:27:21 archlinux kernel: BIOS-e820: [mem 0x00000000fee00000-0x00000000fee00fff] reserved
 9月 25 17:27:21 archlinux kernel: BIOS-e820: [mem 0x00000000ff000000-0x00000000ffffffff] reserved
 9月 25 17:27:21 archlinux kernel: BIOS-e820: [mem 0x0000000100000000-0x000000087e2fffff] usable
 9月 25 17:27:21 archlinux kernel: BIOS-e820: [mem 0x0000000880000000-0x00000008c01fffff] reserved
 9月 25 17:27:21 archlinux kernel: NX (Execute Disable) protection: active
 9月 25 17:27:21 archlinux kernel: APIC: Static calls initialized
 9月 25 17:27:21 archlinux kernel: e820: update [mem 0x43fbf018-0x43fc3257] usable ==> usable
 9月 25 17:27:21 archlinux kernel: extended physical RAM map:
 9月 25 17:27:21 archlinux kernel: reserve setup_data: [mem 0x0000000000000000-0x000000000009efff] usable
 9月 25 17:27:21 archlinux kernel: reserve setup_data: [mem 0x000000000009f000-0x00000000000bffff] reserved
 9月 25 17:27:21 archlinux kernel: reserve setup_data: [mem 0x0000000000100000-0x0000000009afffff] usable
 9月 25 17:27:21 archlinux kernel: reserve setup_data: [mem 0x0000000009b00000-0x0000000009dfffff] reserved
 9月 25 17:27:21 archlinux kernel: reserve setup_data: [mem 0x0000000009e00000-0x0000000009efffff] usable
 9月 25 17:27:21 archlinux kernel: reserve setup_data: [mem 0x0000000009f00000-0x0000000009f3bfff] ACPI NVS
 9月 25 17:27:21 archlinux kernel: reserve setup_data: [mem 0x0000000009f3c000-0x0000000043fbf017] usable
 9月 25 17:27:21 archlinux kernel: reserve setup_data: [mem 0x0000000043fbf018-0x0000000043fc3257] usable
 9月 25 17:27:21 archlinux kernel: reserve setup_data: [mem 0x0000000043fc3258-0x0000000049b5ffff] usable
 9月 25 17:27:21 archlinux kernel: reserve setup_data: [mem 0x0000000049b60000-0x000000004bd5ffff] reserved
 9月 25 17:27:21 archlinux kernel: reserve setup_data: [mem 0x000000004bd60000-0x000000004bd68fff] usable
 9月 25 17:27:21 archlinux kernel: reserve setup_data: [mem 0x000000004bd69000-0x000000004bd6cfff] reserved
 9月 25 17:27:21 archlinux kernel: reserve setup_data: [mem 0x000000004bd6d000-0x000000004bd6efff] usable
 9月 25 17:27:21 archlinux kernel: reserve setup_data: [mem 0x000000004bd6f000-0x000000004bd6ffff] reserved
 9月 25 17:27:21 archlinux kernel: reserve setup_data: [mem 0x000000004bd70000-0x0000000057f7efff] usable
 9月 25 17:27:21 archlinux kernel: reserve setup_data: [mem 0x0000000057f7f000-0x000000005a77efff] reserved
 9月 25 17:27:21 archlinux kernel: reserve setup_data: [mem 0x000000005a77f000-0x000000005af7efff] ACPI NVS
 9月 25 17:27:21 archlinux kernel: reserve setup_data: [mem 0x000000005af7f000-0x000000005affefff] ACPI data
 9月 25 17:27:21 archlinux kernel: reserve setup_data: [mem 0x000000005afff000-0x000000005affffff] usable
 9月 25 17:27:21 archlinux kernel: reserve setup_data: [mem 0x000000005b000000-0x000000005bffffff] reserved
 9月 25 17:27:21 archlinux kernel: reserve setup_data: [mem 0x000000005d790000-0x000000005d7effff] reserved
 9月 25 17:27:21 archlinux kernel: reserve setup_data: [mem 0x000000005d7f5000-0x000000005fffffff] reserved
 9月 25 17:27:21 archlinux kernel: reserve setup_data: [mem 0x00000000c0300000-0x00000000c03fffff] reserved
 9月 25 17:27:21 archlinux kernel: reserve setup_data: [mem 0x00000000e0000000-0x00000000efffffff] reserved
 9月 25 17:27:21 archlinux kernel: reserve setup_data: [mem 0x00000000fec00000-0x00000000fec01fff] reserved
 9月 25 17:27:21 archlinux kernel: reserve setup_data: [mem 0x00000000fec10000-0x00000000fec10fff] reserved
 9月 25 17:27:21 archlinux kernel: reserve setup_data: [mem 0x00000000fec20000-0x00000000fec20fff] reserved
 9月 25 17:27:21 archlinux kernel: reserve setup_data: [mem 0x00000000fed80000-0x00000000fed81fff] reserved
 9月 25 17:27:21 archlinux kernel: reserve setup_data: [mem 0x00000000fee00000-0x00000000fee00fff] reserved
 9月 25 17:27:21 archlinux kernel: reserve setup_data: [mem 0x00000000ff000000-0x00000000ffffffff] reserved
 9月 25 17:27:21 archlinux kernel: reserve setup_data: [mem 0x0000000100000000-0x000000087e2fffff] usable
 9月 25 17:27:21 archlinux kernel: reserve setup_data: [mem 0x0000000880000000-0x00000008c01fffff] reserved
 9月 25 17:27:21 archlinux kernel: efi: EFI v2.9 by INSYDE Corp.
 9月 25 17:27:21 archlinux kernel: efi: ACPI=0x5affe000 ACPI 2.0=0x5affe014 TPMFinalLog=0x5af3f000 SMBIOS=0x58e77000 SMBIOS 3.0=0x58e74000 MEMATTR=0x52e46018 ESRT=0x5491cc18 INITRD=0x44262f98 RNG=0x5af94018 TPMEventLog=0x43f65018 
 9月 25 17:27:21 archlinux kernel: random: crng init done
 9月 25 17:27:21 archlinux kernel: efi: Remove mem68: MMIO range=[0xc0300000-0xc03fffff] (1MB) from e820 map
 9月 25 17:27:21 archlinux kernel: e820: remove [mem 0xc0300000-0xc03fffff] reserved
 9月 25 17:27:21 archlinux kernel: efi: Remove mem69: MMIO range=[0xe0000000-0xefffffff] (256MB) from e820 map
 9月 25 17:27:21 archlinux kernel: e820: remove [mem 0xe0000000-0xefffffff] reserved
 9月 25 17:27:21 archlinux kernel: efi: Not removing mem70: MMIO range=[0xfec00000-0xfec01fff] (8KB) from e820 map
 9月 25 17:27:21 archlinux kernel: efi: Not removing mem71: MMIO range=[0xfec10000-0xfec10fff] (4KB) from e820 map
 9月 25 17:27:21 archlinux kernel: efi: Not removing mem72: MMIO range=[0xfec20000-0xfec20fff] (4KB) from e820 map
 9月 25 17:27:21 archlinux kernel: efi: Not removing mem73: MMIO range=[0xfed80000-0xfed81fff] (8KB) from e820 map
 9月 25 17:27:21 archlinux kernel: efi: Not removing mem74: MMIO range=[0xfee00000-0xfee00fff] (4KB) from e820 map
 9月 25 17:27:21 archlinux kernel: efi: Remove mem75: MMIO range=[0xff000000-0xffffffff] (16MB) from e820 map
 9月 25 17:27:21 archlinux kernel: e820: remove [mem 0xff000000-0xffffffff] reserved
 9月 25 17:27:21 archlinux kernel: efi: Remove mem77: MMIO range=[0x8a0000000-0x8c01fffff] (514MB) from e820 map
 9月 25 17:27:21 archlinux kernel: e820: remove [mem 0x8a0000000-0x8c01fffff] reserved
 9月 25 17:27:21 archlinux kernel: SMBIOS 3.6.0 present.
 9月 25 17:27:21 archlinux kernel: DMI: Framework Laptop 13 (AMD Ryzen 7040Series)/FRANMDCP07, BIOS 03.05 03/29/2024
 9月 25 17:27:21 archlinux kernel: DMI: Memory slots populated: 2/2
 9月 25 17:27:21 archlinux kernel: tsc: Fast TSC calibration using PIT
 9月 25 17:27:21 archlinux kernel: tsc: Detected 3293.933 MHz processor
 9月 25 17:27:21 archlinux kernel: e820: update [mem 0x00000000-0x00000fff] usable ==> reserved
 9月 25 17:27:21 archlinux kernel: e820: remove [mem 0x000a0000-0x000fffff] usable
 9月 25 17:27:21 archlinux kernel: last_pfn = 0x87e300 max_arch_pfn = 0x400000000
 9月 25 17:27:21 archlinux kernel: MTRR map: 7 entries (3 fixed + 4 variable; max 20), built from 9 variable MTRRs
 9月 25 17:27:21 archlinux kernel: x86/PAT: Configuration [0-7]: WB  WC  UC- UC  WB  WP  UC- WT  
 9月 25 17:27:21 archlinux kernel: last_pfn = 0x5b000 max_arch_pfn = 0x400000000
 9月 25 17:27:21 archlinux kernel: esrt: Reserving ESRT space from 0x000000005491cc18 to 0x000000005491cc50.
 9月 25 17:27:21 archlinux kernel: e820: update [mem 0x5491c000-0x5491cfff] usable ==> reserved
 9月 25 17:27:21 archlinux kernel: Using GB pages for direct mapping
 9月 25 17:27:21 archlinux kernel: Secure boot disabled
 9月 25 17:27:21 archlinux kernel: RAMDISK: [mem 0x40644000-0x431b3fff]
 9月 25 17:27:21 archlinux kernel: ACPI: Early table checksum verification disabled
 9月 25 17:27:21 archlinux kernel: ACPI: RSDP 0x000000005AFFE014 000024 (v02 INSYDE)
 9月 25 17:27:21 archlinux kernel: ACPI: XSDT 0x000000005AFA8228 00019C (v01 INSYDE EDK2     00000002      01000013)
 9月 25 17:27:21 archlinux kernel: ACPI: FACP 0x000000005AFEE000 00010C (v05 INSYDE EDK2     00000002 ACPI 00040000)
 9月 25 17:27:21 archlinux kernel: ACPI BIOS Warning (bug): Optional FADT field Pm2ControlBlock has valid Length but zero Address: 0x0000000000000000/0x1 (20240322/tbfadt-611)
 9月 25 17:27:21 archlinux kernel: ACPI: DSDT 0x000000005AFDE000 0093EF (v02 INSYDE EDK2     00000002 ACPI 00040000)
 9月 25 17:27:21 archlinux kernel: ACPI: FACS 0x000000005AEB1000 000040
 9月 25 17:27:21 archlinux kernel: ACPI: UEFI 0x000000005AF67000 0001CF (v01 INSYDE EDK2     00000001 ACPI 00040000)
 9月 25 17:27:21 archlinux kernel: ACPI: SSDT 0x000000005AFF4000 008416 (v02 INSYDE EDK2     00000002 ACPI 00040000)
 9月 25 17:27:21 archlinux kernel: ACPI: SSDT 0x000000005AFF3000 00033E (v01 INSYDE EDK2     00001000 ACPI 00040000)
 9月 25 17:27:21 archlinux kernel: ACPI: SSDT 0x000000005AFF1000 000ABD (v02 INSYDE EDK2     00001000 ACPI 00040000)
 9月 25 17:27:21 archlinux kernel: ACPI: ASF! 0x000000005AFF0000 0000A5 (v32 INSYDE EDK2     00000002 ACPI 00040000)
 9月 25 17:27:21 archlinux kernel: ACPI: BOOT 0x000000005AFEF000 000028 (v01 INSYDE EDK2     00000002 ACPI 00040000)
 9月 25 17:27:21 archlinux kernel: ACPI: HPET 0x000000005AFED000 000038 (v01 INSYDE EDK2     00000002 ACPI 00040000)
 9月 25 17:27:21 archlinux kernel: ACPI: APIC 0x000000005AFEC000 000138 (v03 INSYDE EDK2     00000002 ACPI 00040000)
 9月 25 17:27:21 archlinux kernel: ACPI: MCFG 0x000000005AFEB000 00003C (v01 INSYDE EDK2     00000002 ACPI 00040000)
 9月 25 17:27:21 archlinux kernel: ACPI: SLIC 0x000000005AFEA000 000176 (v01 INSYDE EDK2     00000002 ACPI 00040000)
 9月 25 17:27:21 archlinux kernel: ACPI: VFCT 0x000000005AFD9000 004284 (v01 INSYDE EDK2     00000001 ACPI 00040000)
 9月 25 17:27:21 archlinux kernel: ACPI: SSDT 0x000000005AFD8000 0000F8 (v02 INSYDE EDK2     00001000 ACPI 00040000)
 9月 25 17:27:21 archlinux kernel: ACPI: SSDT 0x000000005AFD2000 00547E (v02 INSYDE EDK2     00000001 ACPI 00040000)
 9月 25 17:27:21 archlinux kernel: ACPI: CRAT 0x000000005AFD1000 000F10 (v01 INSYDE EDK2     00000001 ACPI 00040000)
 9月 25 17:27:21 archlinux kernel: ACPI: CDIT 0x000000005AFD0000 000029 (v01 INSYDE EDK2     00000001 ACPI 00040000)
 9月 25 17:27:21 archlinux kernel: ACPI: SSDT 0x000000005AFCF000 000F8D (v02 INSYDE EDK2     00000001 ACPI 00040000)
 9月 25 17:27:21 archlinux kernel: ACPI: SSDT 0x000000005AFCD000 001086 (v02 INSYDE EDK2     00000001 ACPI 00040000)
 9月 25 17:27:21 archlinux kernel: ACPI: SSDT 0x000000005AFFD000 000BAF (v02 INSYDE EDK2     00000001 ACPI 00040000)
 9月 25 17:27:21 archlinux kernel: ACPI: SSDT 0x000000005AFCA000 001E78 (v02 INSYDE EDK2     00000001 ACPI 00040000)
 9月 25 17:27:21 archlinux kernel: ACPI: SSDT 0x000000005AFC9000 00077A (v02 INSYDE EDK2     00000001 ACPI 00040000)
 9月 25 17:27:21 archlinux kernel: ACPI: SSDT 0x000000005AFC8000 000737 (v02 INSYDE EDK2     00000001 ACPI 00040000)
 9月 25 17:27:21 archlinux kernel: ACPI: SSDT 0x000000005AFC6000 0015C8 (v02 INSYDE EDK2     00000001 ACPI 00040000)
 9月 25 17:27:21 archlinux kernel: ACPI: SSDT 0x000000005AFC3000 002A9E (v02 INSYDE EDK2     00000001 ACPI 00040000)
 9月 25 17:27:21 archlinux kernel: ACPI: SSDT 0x000000005AFB9000 0098F6 (v02 INSYDE EDK2     00000001 ACPI 00040000)
 9月 25 17:27:21 archlinux kernel: ACPI: FPDT 0x000000005AFB8000 000044 (v01 INSYDE EDK2     00000002 ACPI 00040000)
 9月 25 17:27:21 archlinux kernel: ACPI: WSMT 0x000000005AFB6000 000028 (v01 INSYDE EDK2     00000001 ACPI 00040000)
 9月 25 17:27:21 archlinux kernel: ACPI: TPM2 0x000000005AFE9000 000050 (v05 INSYDE EDK2     20505348 ACPI 00040000)
 9月 25 17:27:21 archlinux kernel: ACPI: SSDT 0x000000005AFB3000 00233C (v02 INSYDE EDK2     00000001 ACPI 00040000)
 9月 25 17:27:21 archlinux kernel: ACPI: MHSP 0x000000005AFE8000 0000C8 (v04 INSYDE EDK2     20505348 ACPI 00040000)
 9月 25 17:27:21 archlinux kernel: ACPI: SSDT 0x000000005AFB2000 0000E5 (v02 INSYDE EDK2     00000004 ACPI 00040000)
 9月 25 17:27:21 archlinux kernel: ACPI: IVRS 0x000000005AFB1000 000198 (v02 INSYDE EDK2     00000001 ACPI 00040000)
 9月 25 17:27:21 archlinux kernel: ACPI: SSDT 0x000000005AFB0000 000C44 (v01 INSYDE EDK2     00000001 ACPI 00040000)
 9月 25 17:27:21 archlinux kernel: ACPI: SSDT 0x000000005AFAF000 00074A (v02 INSYDE EDK2     00000001 ACPI 00040000)
 9月 25 17:27:21 archlinux kernel: ACPI: SSDT 0x000000005AFAE000 000B43 (v02 INSYDE EDK2     00000001 ACPI 00040000)
 9月 25 17:27:21 archlinux kernel: ACPI: SSDT 0x000000005AFAD000 000A3A (v02 INSYDE EDK2     00000001 ACPI 00040000)
 9月 25 17:27:21 archlinux kernel: ACPI: SSDT 0x000000005AFAC000 000057 (v02 INSYDE EDK2     00000001 ACPI 00040000)
 9月 25 17:27:21 archlinux kernel: ACPI: SSDT 0x000000005AFAA000 0017E8 (v02 INSYDE EDK2     00000001 ACPI 00040000)
 9月 25 17:27:21 archlinux kernel: ACPI: SSDT 0x000000005AFA9000 000FF7 (v02 INSYDE EDK2     00000001 ACPI 00040000)
 9月 25 17:27:21 archlinux kernel: ACPI: SSDT 0x000000005AF9E000 0098BD (v02 INSYDE EDK2     00000001 ACPI 00040000)
 9月 25 17:27:21 archlinux kernel: ACPI: SSDT 0x000000005AF99000 004FEB (v02 INSYDE EDK2     00000001 ACPI 00040000)
 9月 25 17:27:21 archlinux kernel: ACPI: SSDT 0x000000005AFCC000 000D41 (v02 INSYDE EDK2     00000001 ACPI 00040000)
 9月 25 17:27:21 archlinux kernel: ACPI: SSDT 0x000000005AF98000 000968 (v02 INSYDE EDK2     00000001 ACPI 00040000)
 9月 25 17:27:21 archlinux kernel: ACPI: SSDT 0x000000005AF97000 00008D (v02 INSYDE EDK2     00000001 ACPI 00040000)
 9月 25 17:27:21 archlinux kernel: ACPI: SSDT 0x000000005AF96000 000501 (v02 INSYDE EDK2     00000001 ACPI 00040000)
 9月 25 17:27:21 archlinux kernel: ACPI: SSDT 0x000000005AF95000 000FF5 (v02 INSYDE EDK2     00000001 ACPI 00040000)
 9月 25 17:27:21 archlinux kernel: ACPI: BGRT 0x000000005AFB7000 000038 (v01 INSYDE EDK2     00000002 ACPI 00040000)
 9月 25 17:27:21 archlinux kernel: ACPI: Reserving FACP table memory at [mem 0x5afee000-0x5afee10b]
 9月 25 17:27:21 archlinux kernel: ACPI: Reserving DSDT table memory at [mem 0x5afde000-0x5afe73ee]
 9月 25 17:27:21 archlinux kernel: ACPI: Reserving FACS table memory at [mem 0x5aeb1000-0x5aeb103f]
 9月 25 17:27:21 archlinux kernel: ACPI: Reserving UEFI table memory at [mem 0x5af67000-0x5af671ce]
 9月 25 17:27:21 archlinux kernel: ACPI: Reserving SSDT table memory at [mem 0x5aff4000-0x5affc415]
 9月 25 17:27:21 archlinux kernel: ACPI: Reserving SSDT table memory at [mem 0x5aff3000-0x5aff333d]
 9月 25 17:27:21 archlinux kernel: ACPI: Reserving SSDT table memory at [mem 0x5aff1000-0x5aff1abc]
 9月 25 17:27:21 archlinux kernel: ACPI: Reserving ASF! table memory at [mem 0x5aff0000-0x5aff00a4]
 9月 25 17:27:21 archlinux kernel: ACPI: Reserving BOOT table memory at [mem 0x5afef000-0x5afef027]
 9月 25 17:27:21 archlinux kernel: ACPI: Reserving HPET table memory at [mem 0x5afed000-0x5afed037]
 9月 25 17:27:21 archlinux kernel: ACPI: Reserving APIC table memory at [mem 0x5afec000-0x5afec137]
 9月 25 17:27:21 archlinux kernel: ACPI: Reserving MCFG table memory at [mem 0x5afeb000-0x5afeb03b]
 9月 25 17:27:21 archlinux kernel: ACPI: Reserving SLIC table memory at [mem 0x5afea000-0x5afea175]
 9月 25 17:27:21 archlinux kernel: ACPI: Reserving VFCT table memory at [mem 0x5afd9000-0x5afdd283]
 9月 25 17:27:21 archlinux kernel: ACPI: Reserving SSDT table memory at [mem 0x5afd8000-0x5afd80f7]
 9月 25 17:27:21 archlinux kernel: ACPI: Reserving SSDT table memory at [mem 0x5afd2000-0x5afd747d]
 9月 25 17:27:21 archlinux kernel: ACPI: Reserving CRAT table memory at [mem 0x5afd1000-0x5afd1f0f]
 9月 25 17:27:21 archlinux kernel: ACPI: Reserving CDIT table memory at [mem 0x5afd0000-0x5afd0028]
 9月 25 17:27:21 archlinux kernel: ACPI: Reserving SSDT table memory at [mem 0x5afcf000-0x5afcff8c]
 9月 25 17:27:21 archlinux kernel: ACPI: Reserving SSDT table memory at [mem 0x5afcd000-0x5afce085]
 9月 25 17:27:21 archlinux kernel: ACPI: Reserving SSDT table memory at [mem 0x5affd000-0x5affdbae]
 9月 25 17:27:21 archlinux kernel: ACPI: Reserving SSDT table memory at [mem 0x5afca000-0x5afcbe77]
 9月 25 17:27:21 archlinux kernel: ACPI: Reserving SSDT table memory at [mem 0x5afc9000-0x5afc9779]
 9月 25 17:27:21 archlinux kernel: ACPI: Reserving SSDT table memory at [mem 0x5afc8000-0x5afc8736]
 9月 25 17:27:21 archlinux kernel: ACPI: Reserving SSDT table memory at [mem 0x5afc6000-0x5afc75c7]
 9月 25 17:27:21 archlinux kernel: ACPI: Reserving SSDT table memory at [mem 0x5afc3000-0x5afc5a9d]
 9月 25 17:27:21 archlinux kernel: ACPI: Reserving SSDT table memory at [mem 0x5afb9000-0x5afc28f5]
 9月 25 17:27:21 archlinux kernel: ACPI: Reserving FPDT table memory at [mem 0x5afb8000-0x5afb8043]
 9月 25 17:27:21 archlinux kernel: ACPI: Reserving WSMT table memory at [mem 0x5afb6000-0x5afb6027]
 9月 25 17:27:21 archlinux kernel: ACPI: Reserving TPM2 table memory at [mem 0x5afe9000-0x5afe904f]
 9月 25 17:27:21 archlinux kernel: ACPI: Reserving SSDT table memory at [mem 0x5afb3000-0x5afb533b]
 9月 25 17:27:21 archlinux kernel: ACPI: Reserving MHSP table memory at [mem 0x5afe8000-0x5afe80c7]
 9月 25 17:27:21 archlinux kernel: ACPI: Reserving SSDT table memory at [mem 0x5afb2000-0x5afb20e4]
 9月 25 17:27:21 archlinux kernel: ACPI: Reserving IVRS table memory at [mem 0x5afb1000-0x5afb1197]
 9月 25 17:27:21 archlinux kernel: ACPI: Reserving SSDT table memory at [mem 0x5afb0000-0x5afb0c43]
 9月 25 17:27:21 archlinux kernel: ACPI: Reserving SSDT table memory at [mem 0x5afaf000-0x5afaf749]
 9月 25 17:27:21 archlinux kernel: ACPI: Reserving SSDT table memory at [mem 0x5afae000-0x5afaeb42]
 9月 25 17:27:21 archlinux kernel: ACPI: Reserving SSDT table memory at [mem 0x5afad000-0x5afada39]
 9月 25 17:27:21 archlinux kernel: ACPI: Reserving SSDT table memory at [mem 0x5afac000-0x5afac056]
 9月 25 17:27:21 archlinux kernel: ACPI: Reserving SSDT table memory at [mem 0x5afaa000-0x5afab7e7]
 9月 25 17:27:21 archlinux kernel: ACPI: Reserving SSDT table memory at [mem 0x5afa9000-0x5afa9ff6]
 9月 25 17:27:21 archlinux kernel: ACPI: Reserving SSDT table memory at [mem 0x5af9e000-0x5afa78bc]
 9月 25 17:27:21 archlinux kernel: ACPI: Reserving SSDT table memory at [mem 0x5af99000-0x5af9dfea]
 9月 25 17:27:21 archlinux kernel: ACPI: Reserving SSDT table memory at [mem 0x5afcc000-0x5afccd40]
 9月 25 17:27:21 archlinux kernel: ACPI: Reserving SSDT table memory at [mem 0x5af98000-0x5af98967]
 9月 25 17:27:21 archlinux kernel: ACPI: Reserving SSDT table memory at [mem 0x5af97000-0x5af9708c]
 9月 25 17:27:21 archlinux kernel: ACPI: Reserving SSDT table memory at [mem 0x5af96000-0x5af96500]
 9月 25 17:27:21 archlinux kernel: ACPI: Reserving SSDT table memory at [mem 0x5af95000-0x5af95ff4]
 9月 25 17:27:21 archlinux kernel: ACPI: Reserving BGRT table memory at [mem 0x5afb7000-0x5afb7037]
 9月 25 17:27:21 archlinux kernel: No NUMA configuration found
 9月 25 17:27:21 archlinux kernel: Faking a node at [mem 0x0000000000000000-0x000000087e2fffff]
 9月 25 17:27:21 archlinux kernel: NODE_DATA(0) allocated [mem 0x87e2fb000-0x87e2fffff]
 9月 25 17:27:21 archlinux kernel: Zone ranges:
 9月 25 17:27:21 archlinux kernel:   DMA      [mem 0x0000000000001000-0x0000000000ffffff]
 9月 25 17:27:21 archlinux kernel:   DMA32    [mem 0x0000000001000000-0x00000000ffffffff]
 9月 25 17:27:21 archlinux kernel:   Normal   [mem 0x0000000100000000-0x000000087e2fffff]
 9月 25 17:27:21 archlinux kernel:   Device   empty
 9月 25 17:27:21 archlinux kernel: Movable zone start for each node
 9月 25 17:27:21 archlinux kernel: Early memory node ranges
 9月 25 17:27:21 archlinux kernel:   node   0: [mem 0x0000000000001000-0x000000000009efff]
 9月 25 17:27:21 archlinux kernel:   node   0: [mem 0x0000000000100000-0x0000000009afffff]
 9月 25 17:27:21 archlinux kernel:   node   0: [mem 0x0000000009e00000-0x0000000009efffff]
 9月 25 17:27:21 archlinux kernel:   node   0: [mem 0x0000000009f3c000-0x0000000049b5ffff]
 9月 25 17:27:21 archlinux kernel:   node   0: [mem 0x000000004bd60000-0x000000004bd68fff]
 9月 25 17:27:21 archlinux kernel:   node   0: [mem 0x000000004bd6d000-0x000000004bd6efff]
 9月 25 17:27:21 archlinux kernel:   node   0: [mem 0x000000004bd70000-0x0000000057f7efff]
 9月 25 17:27:21 archlinux kernel:   node   0: [mem 0x000000005afff000-0x000000005affffff]
 9月 25 17:27:21 archlinux kernel:   node   0: [mem 0x0000000100000000-0x000000087e2fffff]
 9月 25 17:27:21 archlinux kernel: Initmem setup node 0 [mem 0x0000000000001000-0x000000087e2fffff]
 9月 25 17:27:21 archlinux kernel: On node 0, zone DMA: 1 pages in unavailable ranges
 9月 25 17:27:21 archlinux kernel: On node 0, zone DMA: 97 pages in unavailable ranges
 9月 25 17:27:21 archlinux kernel: On node 0, zone DMA32: 768 pages in unavailable ranges
 9月 25 17:27:21 archlinux kernel: On node 0, zone DMA32: 60 pages in unavailable ranges
 9月 25 17:27:21 archlinux kernel: On node 0, zone DMA32: 8704 pages in unavailable ranges
 9月 25 17:27:21 archlinux kernel: On node 0, zone DMA32: 4 pages in unavailable ranges
 9月 25 17:27:21 archlinux kernel: On node 0, zone DMA32: 1 pages in unavailable ranges
 9月 25 17:27:21 archlinux kernel: On node 0, zone DMA32: 12416 pages in unavailable ranges
 9月 25 17:27:21 archlinux kernel: On node 0, zone Normal: 20480 pages in unavailable ranges
 9月 25 17:27:21 archlinux kernel: On node 0, zone Normal: 7424 pages in unavailable ranges
 9月 25 17:27:21 archlinux kernel: ACPI: PM-Timer IO Port: 0x408
 9月 25 17:27:21 archlinux kernel: ACPI: LAPIC_NMI (acpi_id[0x00] high edge lint[0x1])
 9月 25 17:27:21 archlinux kernel: ACPI: LAPIC_NMI (acpi_id[0x01] high edge lint[0x1])
 9月 25 17:27:21 archlinux kernel: ACPI: LAPIC_NMI (acpi_id[0x02] high edge lint[0x1])
 9月 25 17:27:21 archlinux kernel: ACPI: LAPIC_NMI (acpi_id[0x03] high edge lint[0x1])
 9月 25 17:27:21 archlinux kernel: ACPI: LAPIC_NMI (acpi_id[0x04] high edge lint[0x1])
 9月 25 17:27:21 archlinux kernel: ACPI: LAPIC_NMI (acpi_id[0x05] high edge lint[0x1])
 9月 25 17:27:21 archlinux kernel: ACPI: LAPIC_NMI (acpi_id[0x06] high edge lint[0x1])
 9月 25 17:27:21 archlinux kernel: ACPI: LAPIC_NMI (acpi_id[0x07] high edge lint[0x1])
 9月 25 17:27:21 archlinux kernel: ACPI: LAPIC_NMI (acpi_id[0x08] high edge lint[0x1])
 9月 25 17:27:21 archlinux kernel: ACPI: LAPIC_NMI (acpi_id[0x09] high edge lint[0x1])
 9月 25 17:27:21 archlinux kernel: ACPI: LAPIC_NMI (acpi_id[0x0a] high edge lint[0x1])
 9月 25 17:27:21 archlinux kernel: ACPI: LAPIC_NMI (acpi_id[0x0b] high edge lint[0x1])
 9月 25 17:27:21 archlinux kernel: ACPI: LAPIC_NMI (acpi_id[0x0c] high edge lint[0x1])
 9月 25 17:27:21 archlinux kernel: ACPI: LAPIC_NMI (acpi_id[0x0d] high edge lint[0x1])
 9月 25 17:27:21 archlinux kernel: ACPI: LAPIC_NMI (acpi_id[0x0e] high edge lint[0x1])
 9月 25 17:27:21 archlinux kernel: ACPI: LAPIC_NMI (acpi_id[0x0f] high edge lint[0x1])
 9月 25 17:27:21 archlinux kernel: IOAPIC[0]: apic_id 33, version 33, address 0xfec00000, GSI 0-23
 9月 25 17:27:21 archlinux kernel: IOAPIC[1]: apic_id 34, version 33, address 0xfec01000, GSI 24-55
 9月 25 17:27:21 archlinux kernel: ACPI: INT_SRC_OVR (bus 0 bus_irq 0 global_irq 2 dfl dfl)
 9月 25 17:27:21 archlinux kernel: ACPI: INT_SRC_OVR (bus 0 bus_irq 9 global_irq 9 low level)
 9月 25 17:27:21 archlinux kernel: ACPI: Using ACPI (MADT) for SMP configuration information
 9月 25 17:27:21 archlinux kernel: ACPI: HPET id: 0x10228210 base: 0xfed00000
 9月 25 17:27:21 archlinux kernel: e820: update [mem 0x52e6e000-0x52ebcfff] usable ==> reserved
 9月 25 17:27:21 archlinux kernel: CPU topo: Max. logical packages:   1
 9月 25 17:27:21 archlinux kernel: CPU topo: Max. logical dies:       1
 9月 25 17:27:21 archlinux kernel: CPU topo: Max. dies per package:   1
 9月 25 17:27:21 archlinux kernel: CPU topo: Max. threads per core:   2
 9月 25 17:27:21 archlinux kernel: CPU topo: Num. cores per package:     8
 9月 25 17:27:21 archlinux kernel: CPU topo: Num. threads per package:  16
 9月 25 17:27:21 archlinux kernel: CPU topo: Allowing 16 present CPUs plus 0 hotplug CPUs
 9月 25 17:27:21 archlinux kernel: PM: hibernation: Registered nosave memory: [mem 0x00000000-0x00000fff]
 9月 25 17:27:21 archlinux kernel: PM: hibernation: Registered nosave memory: [mem 0x0009f000-0x000bffff]
 9月 25 17:27:21 archlinux kernel: PM: hibernation: Registered nosave memory: [mem 0x000c0000-0x000fffff]
 9月 25 17:27:21 archlinux kernel: PM: hibernation: Registered nosave memory: [mem 0x09b00000-0x09dfffff]
 9月 25 17:27:21 archlinux kernel: PM: hibernation: Registered nosave memory: [mem 0x09f00000-0x09f3bfff]
 9月 25 17:27:21 archlinux kernel: PM: hibernation: Registered nosave memory: [mem 0x43fbf000-0x43fbffff]
 9月 25 17:27:21 archlinux kernel: PM: hibernation: Registered nosave memory: [mem 0x43fc3000-0x43fc3fff]
 9月 25 17:27:21 archlinux kernel: PM: hibernation: Registered nosave memory: [mem 0x49b60000-0x4bd5ffff]
 9月 25 17:27:21 archlinux kernel: PM: hibernation: Registered nosave memory: [mem 0x4bd69000-0x4bd6cfff]
 9月 25 17:27:21 archlinux kernel: PM: hibernation: Registered nosave memory: [mem 0x4bd6f000-0x4bd6ffff]
 9月 25 17:27:21 archlinux kernel: PM: hibernation: Registered nosave memory: [mem 0x52e6e000-0x52ebcfff]
 9月 25 17:27:21 archlinux kernel: PM: hibernation: Registered nosave memory: [mem 0x5491c000-0x5491cfff]
 9月 25 17:27:21 archlinux kernel: PM: hibernation: Registered nosave memory: [mem 0x57f7f000-0x5a77efff]
 9月 25 17:27:21 archlinux kernel: PM: hibernation: Registered nosave memory: [mem 0x5a77f000-0x5af7efff]
 9月 25 17:27:21 archlinux kernel: PM: hibernation: Registered nosave memory: [mem 0x5af7f000-0x5affefff]
 9月 25 17:27:21 archlinux kernel: PM: hibernation: Registered nosave memory: [mem 0x5b000000-0x5bffffff]
 9月 25 17:27:21 archlinux kernel: PM: hibernation: Registered nosave memory: [mem 0x5c000000-0x5d78ffff]
 9月 25 17:27:21 archlinux kernel: PM: hibernation: Registered nosave memory: [mem 0x5d790000-0x5d7effff]
 9月 25 17:27:21 archlinux kernel: PM: hibernation: Registered nosave memory: [mem 0x5d7f0000-0x5d7f4fff]
 9月 25 17:27:21 archlinux kernel: PM: hibernation: Registered nosave memory: [mem 0x5d7f5000-0x5fffffff]
 9月 25 17:27:21 archlinux kernel: PM: hibernation: Registered nosave memory: [mem 0x60000000-0xfebfffff]
 9月 25 17:27:21 archlinux kernel: PM: hibernation: Registered nosave memory: [mem 0xfec00000-0xfec01fff]
 9月 25 17:27:21 archlinux kernel: PM: hibernation: Registered nosave memory: [mem 0xfec02000-0xfec0ffff]
 9月 25 17:27:21 archlinux kernel: PM: hibernation: Registered nosave memory: [mem 0xfec10000-0xfec10fff]
 9月 25 17:27:21 archlinux kernel: PM: hibernation: Registered nosave memory: [mem 0xfec11000-0xfec1ffff]
 9月 25 17:27:21 archlinux kernel: PM: hibernation: Registered nosave memory: [mem 0xfec20000-0xfec20fff]
 9月 25 17:27:21 archlinux kernel: PM: hibernation: Registered nosave memory: [mem 0xfec21000-0xfed7ffff]
 9月 25 17:27:21 archlinux kernel: PM: hibernation: Registered nosave memory: [mem 0xfed80000-0xfed81fff]
 9月 25 17:27:21 archlinux kernel: PM: hibernation: Registered nosave memory: [mem 0xfed82000-0xfedfffff]
 9月 25 17:27:21 archlinux kernel: PM: hibernation: Registered nosave memory: [mem 0xfee00000-0xfee00fff]
 9月 25 17:27:21 archlinux kernel: PM: hibernation: Registered nosave memory: [mem 0xfee01000-0xffffffff]
 9月 25 17:27:21 archlinux kernel: [mem 0x60000000-0xfebfffff] available for PCI devices
 9月 25 17:27:21 archlinux kernel: Booting paravirtualized kernel on bare hardware
 9月 25 17:27:21 archlinux kernel: clocksource: refined-jiffies: mask: 0xffffffff max_cycles: 0xffffffff, max_idle_ns: 6370452778343963 ns
 9月 25 17:27:21 archlinux kernel: setup_percpu: NR_CPUS:320 nr_cpumask_bits:16 nr_cpu_ids:16 nr_node_ids:1
 9月 25 17:27:21 archlinux kernel: percpu: Embedded 66 pages/cpu s233472 r8192 d28672 u524288
 9月 25 17:27:21 archlinux kernel: pcpu-alloc: s233472 r8192 d28672 u524288 alloc=1*2097152
 9月 25 17:27:21 archlinux kernel: pcpu-alloc: [0] 00 01 02 03 [0] 04 05 06 07 
 9月 25 17:27:21 archlinux kernel: pcpu-alloc: [0] 08 09 10 11 [0] 12 13 14 15 
 9月 25 17:27:21 archlinux kernel: Kernel command line: rd.luks.uuid=499ca034-4970-4e24-aada-310d7d6ab42f cryptdevice=UUID=499ca034-4970-4e24-aada-310d7d6ab42f:cryptlvm:allow-discards root=/dev/vg1/root rootflags=subvol=@ rw loglevel=4 add_efi_memmap amdgpu.dcdebugmask=0x10 initrd=\initramfs-linux.img
 9月 25 17:27:21 archlinux kernel: Unknown kernel command line parameters "cryptdevice=UUID=499ca034-4970-4e24-aada-310d7d6ab42f:cryptlvm:allow-discards", will be passed to user space.
 9月 25 17:27:21 archlinux kernel: Dentry cache hash table entries: 4194304 (order: 13, 33554432 bytes, linear)
 9月 25 17:27:21 archlinux kernel: Inode-cache hash table entries: 2097152 (order: 12, 16777216 bytes, linear)
 9月 25 17:27:21 archlinux kernel: Fallback order for Node 0: 0 
 9月 25 17:27:21 archlinux kernel: Built 1 zonelists, mobility grouping on.  Total pages: 8207581
 9月 25 17:27:21 archlinux kernel: Policy zone: Normal
 9月 25 17:27:21 archlinux kernel: mem auto-init: stack:all(zero), heap alloc:on, heap free:off
 9月 25 17:27:21 archlinux kernel: software IO TLB: area num 16.
 9月 25 17:27:21 archlinux kernel: Memory: 32006272K/32830324K available (18432K kernel code, 2177K rwdata, 13440K rodata, 3436K init, 3484K bss, 823792K reserved, 0K cma-reserved)
 9月 25 17:27:21 archlinux kernel: SLUB: HWalign=64, Order=0-3, MinObjects=0, CPUs=16, Nodes=1
 9月 25 17:27:21 archlinux kernel: ftrace: allocating 50284 entries in 197 pages
 9月 25 17:27:21 archlinux kernel: ftrace: allocated 197 pages with 4 groups
 9月 25 17:27:21 archlinux kernel: Dynamic Preempt: full
 9月 25 17:27:21 archlinux kernel: rcu: Preemptible hierarchical RCU implementation.
 9月 25 17:27:21 archlinux kernel: rcu:         RCU restricting CPUs from NR_CPUS=320 to nr_cpu_ids=16.
 9月 25 17:27:21 archlinux kernel: rcu:         RCU priority boosting: priority 1 delay 500 ms.
 9月 25 17:27:21 archlinux kernel:         Trampoline variant of Tasks RCU enabled.
 9月 25 17:27:21 archlinux kernel:         Rude variant of Tasks RCU enabled.
 9月 25 17:27:21 archlinux kernel:         Tracing variant of Tasks RCU enabled.
 9月 25 17:27:21 archlinux kernel: rcu: RCU calculated value of scheduler-enlistment delay is 30 jiffies.
 9月 25 17:27:21 archlinux kernel: rcu: Adjusting geometry for rcu_fanout_leaf=16, nr_cpu_ids=16
 9月 25 17:27:21 archlinux kernel: RCU Tasks: Setting shift to 4 and lim to 1 rcu_task_cb_adjust=1.
 9月 25 17:27:21 archlinux kernel: RCU Tasks Rude: Setting shift to 4 and lim to 1 rcu_task_cb_adjust=1.
 9月 25 17:27:21 archlinux kernel: RCU Tasks Trace: Setting shift to 4 and lim to 1 rcu_task_cb_adjust=1.
 9月 25 17:27:21 archlinux kernel: NR_IRQS: 20736, nr_irqs: 1096, preallocated irqs: 16
 9月 25 17:27:21 archlinux kernel: rcu: srcu_init: Setting srcu_struct sizes based on contention.
 9月 25 17:27:21 archlinux kernel: kfence: initialized - using 2097152 bytes for 255 objects at 0x(____ptrval____)-0x(____ptrval____)
 9月 25 17:27:21 archlinux kernel: Console: colour dummy device 80x25
 9月 25 17:27:21 archlinux kernel: printk: legacy console [tty0] enabled
 9月 25 17:27:21 archlinux kernel: ACPI: Core revision 20240322
 9月 25 17:27:21 archlinux kernel: clocksource: hpet: mask: 0xffffffff max_cycles: 0xffffffff, max_idle_ns: 133484873504 ns
 9月 25 17:27:21 archlinux kernel: APIC: Switch to symmetric I/O mode setup
 9月 25 17:27:21 archlinux kernel: AMD-Vi: ivrs, add hid:AMDI0020, uid:\_SB.FUR0, rdevid:160
 9月 25 17:27:21 archlinux kernel: AMD-Vi: ivrs, add hid:AMDI0020, uid:\_SB.FUR1, rdevid:160
 9月 25 17:27:21 archlinux kernel: AMD-Vi: ivrs, add hid:AMDI0020, uid:\_SB.FUR2, rdevid:160
 9月 25 17:27:21 archlinux kernel: AMD-Vi: ivrs, add hid:AMDI0020, uid:\_SB.FUR3, rdevid:160
 9月 25 17:27:21 archlinux kernel: AMD-Vi: Using global IVHD EFR:0x246577efa2054ada, EFR2:0x0
 9月 25 17:27:21 archlinux kernel: x2apic: IRQ remapping doesn't support X2APIC mode
 9月 25 17:27:21 archlinux kernel: ..TIMER: vector=0x30 apic1=0 pin1=2 apic2=-1 pin2=-1
 9月 25 17:27:21 archlinux kernel: clocksource: tsc-early: mask: 0xffffffffffffffff max_cycles: 0x2f7ae91e8bc, max_idle_ns: 440795305497 ns
 9月 25 17:27:21 archlinux kernel: Calibrating delay loop (skipped), value calculated using timer frequency.. 6590.36 BogoMIPS (lpj=10979776)
 9月 25 17:27:21 archlinux kernel: x86/cpu: User Mode Instruction Prevention (UMIP) activated
 9月 25 17:27:21 archlinux kernel: LVT offset 1 assigned for vector 0xf9
 9月 25 17:27:21 archlinux kernel: LVT offset 2 assigned for vector 0xf4
 9月 25 17:27:21 archlinux kernel: Last level iTLB entries: 4KB 512, 2MB 512, 4MB 256
 9月 25 17:27:21 archlinux kernel: Last level dTLB entries: 4KB 3072, 2MB 3072, 4MB 1536, 1GB 0
 9月 25 17:27:21 archlinux kernel: process: using mwait in idle threads
 9月 25 17:27:21 archlinux kernel: Spectre V1 : Mitigation: usercopy/swapgs barriers and __user pointer sanitization
 9月 25 17:27:21 archlinux kernel: Spectre V2 : Mitigation: Enhanced / Automatic IBRS
 9月 25 17:27:21 archlinux kernel: Spectre V2 : Spectre v2 / SpectreRSB mitigation: Filling RSB on context switch
 9月 25 17:27:21 archlinux kernel: Spectre V2 : mitigation: Enabling conditional Indirect Branch Prediction Barrier
 9月 25 17:27:21 archlinux kernel: Spectre V2 : User space: Mitigation: STIBP always-on protection
 9月 25 17:27:21 archlinux kernel: Speculative Store Bypass: Mitigation: Speculative Store Bypass disabled via prctl
 9月 25 17:27:21 archlinux kernel: Speculative Return Stack Overflow: Mitigation: Safe RET
 9月 25 17:27:21 archlinux kernel: x86/fpu: Supporting XSAVE feature 0x001: 'x87 floating point registers'
 9月 25 17:27:21 archlinux kernel: x86/fpu: Supporting XSAVE feature 0x002: 'SSE registers'
 9月 25 17:27:21 archlinux kernel: x86/fpu: Supporting XSAVE feature 0x004: 'AVX registers'
 9月 25 17:27:21 archlinux kernel: x86/fpu: Supporting XSAVE feature 0x020: 'AVX-512 opmask'
 9月 25 17:27:21 archlinux kernel: x86/fpu: Supporting XSAVE feature 0x040: 'AVX-512 Hi256'
 9月 25 17:27:21 archlinux kernel: x86/fpu: Supporting XSAVE feature 0x080: 'AVX-512 ZMM_Hi256'
 9月 25 17:27:21 archlinux kernel: x86/fpu: Supporting XSAVE feature 0x200: 'Protection Keys User registers'
 9月 25 17:27:21 archlinux kernel: x86/fpu: Supporting XSAVE feature 0x800: 'Control-flow User registers'
 9月 25 17:27:21 archlinux kernel: x86/fpu: xstate_offset[2]:  576, xstate_sizes[2]:  256
 9月 25 17:27:21 archlinux kernel: x86/fpu: xstate_offset[5]:  832, xstate_sizes[5]:   64
 9月 25 17:27:21 archlinux kernel: x86/fpu: xstate_offset[6]:  896, xstate_sizes[6]:  512
 9月 25 17:27:21 archlinux kernel: x86/fpu: xstate_offset[7]: 1408, xstate_sizes[7]: 1024
 9月 25 17:27:21 archlinux kernel: x86/fpu: xstate_offset[9]: 2432, xstate_sizes[9]:    8
 9月 25 17:27:21 archlinux kernel: x86/fpu: xstate_offset[11]: 2440, xstate_sizes[11]:   16
 9月 25 17:27:21 archlinux kernel: x86/fpu: Enabled xstate features 0xae7, context size is 2456 bytes, using 'compacted' format.
 9月 25 17:27:21 archlinux kernel: Freeing SMP alternatives memory: 40K
 9月 25 17:27:21 archlinux kernel: pid_max: default: 32768 minimum: 301
 9月 25 17:27:21 archlinux kernel: LSM: initializing lsm=capability,landlock,lockdown,yama,bpf
 9月 25 17:27:21 archlinux kernel: landlock: Up and running.
 9月 25 17:27:21 archlinux kernel: Yama: becoming mindful.
 9月 25 17:27:21 archlinux kernel: LSM support for eBPF active
 9月 25 17:27:21 archlinux kernel: Mount-cache hash table entries: 65536 (order: 7, 524288 bytes, linear)
 9月 25 17:27:21 archlinux kernel: Mountpoint-cache hash table entries: 65536 (order: 7, 524288 bytes, linear)
 9月 25 17:27:21 archlinux kernel: smpboot: CPU0: AMD Ryzen 7 7840U w/ Radeon  780M Graphics (family: 0x19, model: 0x74, stepping: 0x1)
 9月 25 17:27:21 archlinux kernel: Performance Events: Fam17h+ 16-deep LBR, core perfctr, AMD PMU driver.
 9月 25 17:27:21 archlinux kernel: ... version:                2
 9月 25 17:27:21 archlinux kernel: ... bit width:              48
 9月 25 17:27:21 archlinux kernel: ... generic registers:      6
 9月 25 17:27:21 archlinux kernel: ... value mask:             0000ffffffffffff
 9月 25 17:27:21 archlinux kernel: ... max period:             00007fffffffffff
 9月 25 17:27:21 archlinux kernel: ... fixed-purpose events:   0
 9月 25 17:27:21 archlinux kernel: ... event mask:             000000000000003f
 9月 25 17:27:21 archlinux kernel: signal: max sigframe size: 3376
 9月 25 17:27:21 archlinux kernel: rcu: Hierarchical SRCU implementation.
 9月 25 17:27:21 archlinux kernel: rcu:         Max phase no-delay instances is 1000.
 9月 25 17:27:21 archlinux kernel: MCE: In-kernel MCE decoding enabled.
 9月 25 17:27:21 archlinux kernel: NMI watchdog: Enabled. Permanently consumes one hw-PMU counter.
 9月 25 17:27:21 archlinux kernel: smp: Bringing up secondary CPUs ...
 9月 25 17:27:21 archlinux kernel: smpboot: x86: Booting SMP configuration:
 9月 25 17:27:21 archlinux kernel: .... node  #0, CPUs:        #2  #4  #6  #8 #10 #12 #14  #1  #3  #5  #7  #9 #11 #13 #15
 9月 25 17:27:21 archlinux kernel: Spectre V2 : Update user space SMT mitigation: STIBP always-on
 9月 25 17:27:21 archlinux kernel: smp: Brought up 1 node, 16 CPUs
 9月 25 17:27:21 archlinux kernel: smpboot: Total of 16 processors activated (105448.76 BogoMIPS)
 9月 25 17:27:21 archlinux kernel: devtmpfs: initialized
 9月 25 17:27:21 archlinux kernel: x86/mm: Memory block size: 128MB
 9月 25 17:27:21 archlinux kernel: ACPI: PM: Registering ACPI NVS region [mem 0x09f00000-0x09f3bfff] (245760 bytes)
 9月 25 17:27:21 archlinux kernel: ACPI: PM: Registering ACPI NVS region [mem 0x5a77f000-0x5af7efff] (8388608 bytes)
 9月 25 17:27:21 archlinux kernel: clocksource: jiffies: mask: 0xffffffff max_cycles: 0xffffffff, max_idle_ns: 6370867519511994 ns
 9月 25 17:27:21 archlinux kernel: futex hash table entries: 4096 (order: 6, 262144 bytes, linear)
 9月 25 17:27:21 archlinux kernel: pinctrl core: initialized pinctrl subsystem
 9月 25 17:27:21 archlinux kernel: PM: RTC time: 00:27:21, date: 2024-09-26
 9月 25 17:27:21 archlinux kernel: NET: Registered PF_NETLINK/PF_ROUTE protocol family
 9月 25 17:27:21 archlinux kernel: DMA: preallocated 4096 KiB GFP_KERNEL pool for atomic allocations
 9月 25 17:27:21 archlinux kernel: DMA: preallocated 4096 KiB GFP_KERNEL|GFP_DMA pool for atomic allocations
 9月 25 17:27:21 archlinux kernel: DMA: preallocated 4096 KiB GFP_KERNEL|GFP_DMA32 pool for atomic allocations
 9月 25 17:27:21 archlinux kernel: audit: initializing netlink subsys (disabled)
 9月 25 17:27:21 archlinux kernel: audit: type=2000 audit(1727310441.186:1): state=initialized audit_enabled=0 res=1
 9月 25 17:27:21 archlinux kernel: thermal_sys: Registered thermal governor 'fair_share'
 9月 25 17:27:21 archlinux kernel: thermal_sys: Registered thermal governor 'bang_bang'
 9月 25 17:27:21 archlinux kernel: thermal_sys: Registered thermal governor 'step_wise'
 9月 25 17:27:21 archlinux kernel: thermal_sys: Registered thermal governor 'user_space'
 9月 25 17:27:21 archlinux kernel: thermal_sys: Registered thermal governor 'power_allocator'
 9月 25 17:27:21 archlinux kernel: cpuidle: using governor ladder
 9月 25 17:27:21 archlinux kernel: cpuidle: using governor menu
 9月 25 17:27:21 archlinux kernel: Simple Boot Flag at 0x44 set to 0x1
 9月 25 17:27:21 archlinux kernel: acpiphp: ACPI Hot Plug PCI Controller Driver version: 0.5
 9月 25 17:27:21 archlinux kernel: PCI: ECAM [mem 0xe0000000-0xefffffff] (base 0xe0000000) for domain 0000 [bus 00-ff]
 9月 25 17:27:21 archlinux kernel: PCI: Using configuration type 1 for base access
 9月 25 17:27:21 archlinux kernel: kprobes: kprobe jump-optimization is enabled. All kprobes are optimized if possible.
 9月 25 17:27:21 archlinux kernel: HugeTLB: registered 1.00 GiB page size, pre-allocated 0 pages
 9月 25 17:27:21 archlinux kernel: HugeTLB: 16380 KiB vmemmap can be freed for a 1.00 GiB page
 9月 25 17:27:21 archlinux kernel: HugeTLB: registered 2.00 MiB page size, pre-allocated 0 pages
 9月 25 17:27:21 archlinux kernel: HugeTLB: 28 KiB vmemmap can be freed for a 2.00 MiB page
 9月 25 17:27:21 archlinux kernel: Demotion targets for Node 0: null
 9月 25 17:27:21 archlinux kernel: ACPI: Added _OSI(Module Device)
 9月 25 17:27:21 archlinux kernel: ACPI: Added _OSI(Processor Device)
 9月 25 17:27:21 archlinux kernel: ACPI: Added _OSI(3.0 _SCP Extensions)
 9月 25 17:27:21 archlinux kernel: ACPI: Added _OSI(Processor Aggregator Device)
 9月 25 17:27:21 archlinux kernel: ACPI: 31 ACPI AML tables successfully acquired and loaded
 9月 25 17:27:21 archlinux kernel: ACPI: USB4 _OSC: OS supports USB3+ DisplayPort+ PCIe+ XDomain+
 9月 25 17:27:21 archlinux kernel: ACPI: USB4 _OSC: OS controls USB3+ DisplayPort+ PCIe+ XDomain+
 9月 25 17:27:21 archlinux kernel: ACPI: _OSC evaluation for CPUs failed, trying _PDC
 9月 25 17:27:21 archlinux kernel: ACPI: EC: EC started
 9月 25 17:27:21 archlinux kernel: ACPI: EC: interrupt blocked
 9月 25 17:27:21 archlinux kernel: ACPI: EC: EC_CMD/EC_SC=0x66, EC_DATA=0x62
 9月 25 17:27:21 archlinux kernel: ACPI: \_SB_.PCI0.LPC0.EC0_: Boot DSDT EC used to handle transactions
 9月 25 17:27:21 archlinux kernel: ACPI: Interpreter enabled
 9月 25 17:27:21 archlinux kernel: ACPI: PM: (supports S0 S4 S5)
 9月 25 17:27:21 archlinux kernel: ACPI: Using IOAPIC for interrupt routing
 9月 25 17:27:21 archlinux kernel: PCI: Using host bridge windows from ACPI; if necessary, use "pci=nocrs" and report a bug
 9月 25 17:27:21 archlinux kernel: PCI: Ignoring E820 reservations for host bridge windows
 9月 25 17:27:21 archlinux kernel: ACPI: Enabled 3 GPEs in block 00 to 1F
 9月 25 17:27:21 archlinux kernel: ACPI: \_SB_.PCI0.GPP6.PWSR: New power resource
 9月 25 17:27:21 archlinux kernel: ACPI: \_SB_.PCI0.GPP8.P0NV: New power resource
 9月 25 17:27:21 archlinux kernel: ACPI: \_SB_.PCI0.GP11.PWRS: New power resource
 9月 25 17:27:21 archlinux kernel: ACPI: \_SB_.PCI0.GP11.SWUS.PWRS: New power resource
 9月 25 17:27:21 archlinux kernel: ACPI: \_SB_.PCI0.GP12.PWRS: New power resource
 9月 25 17:27:21 archlinux kernel: ACPI: \_SB_.PCI0.GP12.SWUS.PWRS: New power resource
 9月 25 17:27:21 archlinux kernel: ACPI: \_SB_.PCI0.GP17.PWRS: New power resource
 9月 25 17:27:21 archlinux kernel: ACPI: \_SB_.PCI0.GP17.VGA_.PWRS: New power resource
 9月 25 17:27:21 archlinux kernel: ACPI: \_SB_.PCI0.GP17.ACP_.PWRS: New power resource
 9月 25 17:27:21 archlinux kernel: ACPI: \_SB_.PCI0.GP17.AZAL.PWRS: New power resource
 9月 25 17:27:21 archlinux kernel: ACPI: \_SB_.PCI0.GP17.HDAU.PWRS: New power resource
 9月 25 17:27:21 archlinux kernel: ACPI: \_SB_.PCI0.GP17.XHC0.PWRS: New power resource
 9月 25 17:27:21 archlinux kernel: ACPI: \_SB_.PCI0.GP17.XHC1.PWRS: New power resource
 9月 25 17:27:21 archlinux kernel: ACPI: \_SB_.PCI0.GP19.XHC2.PWRS: New power resource
 9月 25 17:27:21 archlinux kernel: ACPI: \_SB_.PCI0.GP19.NHI0.PWRS: New power resource
 9月 25 17:27:21 archlinux kernel: ACPI: \_SB_.PCI0.GP19.XHC3.PWRS: New power resource
 9月 25 17:27:21 archlinux kernel: ACPI: \_SB_.PCI0.GP19.NHI1.PWRS: New power resource
 9月 25 17:27:21 archlinux kernel: ACPI: \_SB_.PCI0.GP19.XHC4.PWRS: New power resource
 9月 25 17:27:21 archlinux kernel: ACPI: \_SB_.PRWL: New power resource
 9月 25 17:27:21 archlinux kernel: ACPI: \_SB_.PRWB: New power resource
 9月 25 17:27:21 archlinux kernel: ACPI: PCI Root Bridge [PCI0] (domain 0000 [bus 00-ff])
 9月 25 17:27:21 archlinux kernel: acpi PNP0A08:00: _OSC: OS supports [ExtendedConfig ASPM ClockPM Segments MSI EDR HPX-Type3]
 9月 25 17:27:21 archlinux kernel: acpi PNP0A08:00: _OSC: platform does not support [SHPCHotplug AER]
 9月 25 17:27:21 archlinux kernel: acpi PNP0A08:00: _OSC: OS now controls [PCIeHotplug PME PCIeCapability LTR DPC]
 9月 25 17:27:21 archlinux kernel: PCI host bridge to bus 0000:00
 9月 25 17:27:21 archlinux kernel: pci_bus 0000:00: root bus resource [io  0x0000-0x0cf7 window]
 9月 25 17:27:21 archlinux kernel: pci_bus 0000:00: root bus resource [io  0x0d00-0xffff window]
 9月 25 17:27:21 archlinux kernel: pci_bus 0000:00: root bus resource [mem 0x000a0000-0x000bffff window]
 9月 25 17:27:21 archlinux kernel: pci_bus 0000:00: root bus resource [mem 0x000c0000-0x000cffff window]
 9月 25 17:27:21 archlinux kernel: pci_bus 0000:00: root bus resource [mem 0x000d0000-0x000effff window]
 9月 25 17:27:21 archlinux kernel: pci_bus 0000:00: root bus resource [mem 0x60000000-0x90bfffff window]
 9月 25 17:27:21 archlinux kernel: pci_bus 0000:00: root bus resource [mem 0xf0000000-0xfec00000 window]
 9月 25 17:27:21 archlinux kernel: pci_bus 0000:00: root bus resource [mem 0xfed45000-0xfed814ff window]
 9月 25 17:27:21 archlinux kernel: pci_bus 0000:00: root bus resource [mem 0xfed81900-0xfed81fff window]
 9月 25 17:27:21 archlinux kernel: pci_bus 0000:00: root bus resource [mem 0xfedc0000-0xfedc0fff window]
 9月 25 17:27:21 archlinux kernel: pci_bus 0000:00: root bus resource [mem 0xfedc6000-0xfedc6fff window]
 9月 25 17:27:21 archlinux kernel: pci_bus 0000:00: root bus resource [mem 0x8c0200000-0x811fffffff window]
 9月 25 17:27:21 archlinux kernel: pci_bus 0000:00: root bus resource [bus 00-ff]
 9月 25 17:27:21 archlinux kernel: pci 0000:00:00.0: [1022:14e8] type 00 class 0x060000 conventional PCI endpoint
 9月 25 17:27:21 archlinux kernel: pci 0000:00:00.2: [1022:14e9] type 00 class 0x080600 conventional PCI endpoint
 9月 25 17:27:21 archlinux kernel: pci 0000:00:01.0: [1022:14ea] type 00 class 0x060000 conventional PCI endpoint
 9月 25 17:27:21 archlinux kernel: pci 0000:00:02.0: [1022:14ea] type 00 class 0x060000 conventional PCI endpoint
 9月 25 17:27:21 archlinux kernel: pci 0000:00:02.2: [1022:14ee] type 01 class 0x060400 PCIe Root Port
 9月 25 17:27:21 archlinux kernel: pci 0000:00:02.2: PCI bridge to [bus 01]
 9月 25 17:27:21 archlinux kernel: pci 0000:00:02.2:   bridge window [mem 0x90b00000-0x90bfffff]
 9月 25 17:27:21 archlinux kernel: pci 0000:00:02.2: PME# supported from D0 D3hot D3cold
 9月 25 17:27:21 archlinux kernel: pci 0000:00:02.4: [1022:14ee] type 01 class 0x060400 PCIe Root Port
 9月 25 17:27:21 archlinux kernel: pci 0000:00:02.4: PCI bridge to [bus 02]
 9月 25 17:27:21 archlinux kernel: pci 0000:00:02.4:   bridge window [mem 0x90a00000-0x90afffff]
 9月 25 17:27:21 archlinux kernel: pci 0000:00:02.4: PME# supported from D0 D3hot D3cold
 9月 25 17:27:21 archlinux kernel: pci 0000:00:03.0: [1022:14ea] type 00 class 0x060000 conventional PCI endpoint
 9月 25 17:27:21 archlinux kernel: pci 0000:00:03.1: [1022:14ef] type 01 class 0x060400 PCIe Root Port
 9月 25 17:27:21 archlinux kernel: pci 0000:00:03.1: PCI bridge to [bus 03-61]
 9月 25 17:27:21 archlinux kernel: pci 0000:00:03.1:   bridge window [io  0x6000-0x9fff]
 9月 25 17:27:21 archlinux kernel: pci 0000:00:03.1:   bridge window [mem 0x78000000-0x8fffffff]
 9月 25 17:27:21 archlinux kernel: pci 0000:00:03.1:   bridge window [mem 0x7000000000-0x7fffffffff 64bit pref]
 9月 25 17:27:21 archlinux kernel: pci 0000:00:03.1: PME# supported from D0 D3hot D3cold
 9月 25 17:27:21 archlinux kernel: pci 0000:00:04.0: [1022:14ea] type 00 class 0x060000 conventional PCI endpoint
 9月 25 17:27:21 archlinux kernel: pci 0000:00:04.1: [1022:14ef] type 01 class 0x060400 PCIe Root Port
 9月 25 17:27:21 archlinux kernel: pci 0000:00:04.1: PCI bridge to [bus 62-c0]
 9月 25 17:27:21 archlinux kernel: pci 0000:00:04.1:   bridge window [io  0x2000-0x5fff]
 9月 25 17:27:21 archlinux kernel: pci 0000:00:04.1:   bridge window [mem 0x60000000-0x77ffffff]
 9月 25 17:27:21 archlinux kernel: pci 0000:00:04.1:   bridge window [mem 0x6000000000-0x6fffffffff 64bit pref]
 9月 25 17:27:21 archlinux kernel: pci 0000:00:04.1: PME# supported from D0 D3hot D3cold
 9月 25 17:27:21 archlinux kernel: pci 0000:00:08.0: [1022:14ea] type 00 class 0x060000 conventional PCI endpoint
 9月 25 17:27:21 archlinux kernel: pci 0000:00:08.1: [1022:14eb] type 01 class 0x060400 PCIe Root Port
 9月 25 17:27:21 archlinux kernel: pci 0000:00:08.1: PCI bridge to [bus c1]
 9月 25 17:27:21 archlinux kernel: pci 0000:00:08.1:   bridge window [io  0x1000-0x1fff]
 9月 25 17:27:21 archlinux kernel: pci 0000:00:08.1:   bridge window [mem 0x90000000-0x905fffff]
 9月 25 17:27:21 archlinux kernel: pci 0000:00:08.1:   bridge window [mem 0x8000000000-0x80107fffff 64bit pref]
 9月 25 17:27:21 archlinux kernel: pci 0000:00:08.1: enabling Extended Tags
 9月 25 17:27:21 archlinux kernel: pci 0000:00:08.1: PME# supported from D0 D3hot D3cold
 9月 25 17:27:21 archlinux kernel: pci 0000:00:08.2: [1022:14eb] type 01 class 0x060400 PCIe Root Port
 9月 25 17:27:21 archlinux kernel: pci 0000:00:08.2: PCI bridge to [bus c2]
 9月 25 17:27:21 archlinux kernel: pci 0000:00:08.2:   bridge window [mem 0x90900000-0x909fffff]
 9月 25 17:27:21 archlinux kernel: pci 0000:00:08.2:   bridge window [mem 0x8010800000-0x80108fffff 64bit pref]
 9月 25 17:27:21 archlinux kernel: pci 0000:00:08.2: enabling Extended Tags
 9月 25 17:27:21 archlinux kernel: pci 0000:00:08.2: PME# supported from D0 D3hot D3cold
 9月 25 17:27:21 archlinux kernel: pci 0000:00:08.3: [1022:14eb] type 01 class 0x060400 PCIe Root Port
 9月 25 17:27:21 archlinux kernel: pci 0000:00:08.3: PCI bridge to [bus c3]
 9月 25 17:27:21 archlinux kernel: pci 0000:00:08.3:   bridge window [mem 0x90600000-0x908fffff]
 9月 25 17:27:21 archlinux kernel: pci 0000:00:08.3: enabling Extended Tags
 9月 25 17:27:21 archlinux kernel: pci 0000:00:08.3: PME# supported from D0 D3hot D3cold
 9月 25 17:27:21 archlinux kernel: pci 0000:00:14.0: [1022:790b] type 00 class 0x0c0500 conventional PCI endpoint
 9月 25 17:27:21 archlinux kernel: pci 0000:00:14.3: [1022:790e] type 00 class 0x060100 conventional PCI endpoint
 9月 25 17:27:21 archlinux kernel: pci 0000:00:18.0: [1022:14f0] type 00 class 0x060000 conventional PCI endpoint
 9月 25 17:27:21 archlinux kernel: pci 0000:00:18.1: [1022:14f1] type 00 class 0x060000 conventional PCI endpoint
 9月 25 17:27:21 archlinux kernel: pci 0000:00:18.2: [1022:14f2] type 00 class 0x060000 conventional PCI endpoint
 9月 25 17:27:21 archlinux kernel: pci 0000:00:18.3: [1022:14f3] type 00 class 0x060000 conventional PCI endpoint
 9月 25 17:27:21 archlinux kernel: pci 0000:00:18.4: [1022:14f4] type 00 class 0x060000 conventional PCI endpoint
 9月 25 17:27:21 archlinux kernel: pci 0000:00:18.5: [1022:14f5] type 00 class 0x060000 conventional PCI endpoint
 9月 25 17:27:21 archlinux kernel: pci 0000:00:18.6: [1022:14f6] type 00 class 0x060000 conventional PCI endpoint
 9月 25 17:27:21 archlinux kernel: pci 0000:00:18.7: [1022:14f7] type 00 class 0x060000 conventional PCI endpoint
 9月 25 17:27:21 archlinux kernel: pci 0000:01:00.0: [8086:2725] type 00 class 0x028000 PCIe Endpoint
 9月 25 17:27:21 archlinux kernel: pci 0000:01:00.0: BAR 0 [mem 0x90b00000-0x90b03fff 64bit]
 9月 25 17:27:21 archlinux kernel: pci 0000:01:00.0: PME# supported from D0 D3hot D3cold
 9月 25 17:27:21 archlinux kernel: pci 0000:00:02.2: PCI bridge to [bus 01]
 9月 25 17:27:21 archlinux kernel: pci 0000:02:00.0: [15b7:5017] type 00 class 0x010802 PCIe Endpoint
 9月 25 17:27:21 archlinux kernel: pci 0000:02:00.0: BAR 0 [mem 0x90a00000-0x90a03fff 64bit]
 9月 25 17:27:21 archlinux kernel: pci 0000:00:02.4: PCI bridge to [bus 02]
 9月 25 17:27:21 archlinux kernel: pci 0000:00:03.1: PCI bridge to [bus 03-61]
 9月 25 17:27:21 archlinux kernel: pci 0000:00:04.1: PCI bridge to [bus 62-c0]
 9月 25 17:27:21 archlinux kernel: pci 0000:c1:00.0: [1002:15bf] type 00 class 0x030000 PCIe Legacy Endpoint
 9月 25 17:27:21 archlinux kernel: pci 0000:c1:00.0: BAR 0 [mem 0x8000000000-0x800fffffff 64bit pref]
 9月 25 17:27:21 archlinux kernel: pci 0000:c1:00.0: BAR 2 [mem 0x90000000-0x901fffff 64bit pref]
 9月 25 17:27:21 archlinux kernel: pci 0000:c1:00.0: BAR 4 [io  0x1000-0x10ff]
 9月 25 17:27:21 archlinux kernel: pci 0000:c1:00.0: BAR 5 [mem 0x90500000-0x9057ffff]
 9月 25 17:27:21 archlinux kernel: pci 0000:c1:00.0: enabling Extended Tags
 9月 25 17:27:21 archlinux kernel: pci 0000:c1:00.0: PME# supported from D1 D2 D3hot D3cold
 9月 25 17:27:21 archlinux kernel: pci 0000:c1:00.1: [1002:1640] type 00 class 0x040300 PCIe Legacy Endpoint
 9月 25 17:27:21 archlinux kernel: pci 0000:c1:00.1: BAR 0 [mem 0x905c8000-0x905cbfff]
 9月 25 17:27:21 archlinux kernel: pci 0000:c1:00.1: enabling Extended Tags
 9月 25 17:27:21 archlinux kernel: pci 0000:c1:00.1: PME# supported from D1 D2 D3hot D3cold
 9月 25 17:27:21 archlinux kernel: pci 0000:c1:00.2: [1022:15c7] type 00 class 0x108000 PCIe Endpoint
 9月 25 17:27:21 archlinux kernel: pci 0000:c1:00.2: BAR 2 [mem 0x90400000-0x904fffff]
 9月 25 17:27:21 archlinux kernel: pci 0000:c1:00.2: BAR 5 [mem 0x905cc000-0x905cdfff]
 9月 25 17:27:21 archlinux kernel: pci 0000:c1:00.2: enabling Extended Tags
 9月 25 17:27:21 archlinux kernel: pci 0000:c1:00.3: [1022:15b9] type 00 class 0x0c0330 PCIe Endpoint
 9月 25 17:27:21 archlinux kernel: pci 0000:c1:00.3: BAR 0 [mem 0x90200000-0x902fffff 64bit]
 9月 25 17:27:21 archlinux kernel: pci 0000:c1:00.3: enabling Extended Tags
 9月 25 17:27:21 archlinux kernel: pci 0000:c1:00.3: PME# supported from D0 D3hot D3cold
 9月 25 17:27:21 archlinux kernel: pci 0000:c1:00.4: [1022:15ba] type 00 class 0x0c0330 PCIe Endpoint
 9月 25 17:27:21 archlinux kernel: pci 0000:c1:00.4: BAR 0 [mem 0x90300000-0x903fffff 64bit]
 9月 25 17:27:21 archlinux kernel: pci 0000:c1:00.4: enabling Extended Tags
 9月 25 17:27:21 archlinux kernel: pci 0000:c1:00.4: PME# supported from D0 D3hot D3cold
 9月 25 17:27:21 archlinux kernel: pci 0000:c1:00.5: [1022:15e2] type 00 class 0x048000 PCIe Endpoint
 9月 25 17:27:21 archlinux kernel: pci 0000:c1:00.5: BAR 0 [mem 0x90580000-0x905bffff]
 9月 25 17:27:21 archlinux kernel: pci 0000:c1:00.5: BAR 2 [mem 0x8010000000-0x80107fffff 64bit pref]
 9月 25 17:27:21 archlinux kernel: pci 0000:c1:00.5: enabling Extended Tags
 9月 25 17:27:21 archlinux kernel: pci 0000:c1:00.5: PME# supported from D0 D3hot D3cold
 9月 25 17:27:21 archlinux kernel: pci 0000:c1:00.6: [1022:15e3] type 00 class 0x040300 PCIe Endpoint
 9月 25 17:27:21 archlinux kernel: pci 0000:c1:00.6: BAR 0 [mem 0x905c0000-0x905c7fff]
 9月 25 17:27:21 archlinux kernel: pci 0000:c1:00.6: enabling Extended Tags
 9月 25 17:27:21 archlinux kernel: pci 0000:c1:00.6: PME# supported from D0 D3hot D3cold
 9月 25 17:27:21 archlinux kernel: pci 0000:00:08.1: PCI bridge to [bus c1]
 9月 25 17:27:21 archlinux kernel: pci 0000:c2:00.0: [1022:14ec] type 00 class 0x130000 PCIe Endpoint
 9月 25 17:27:21 archlinux kernel: pci 0000:c2:00.0: enabling Extended Tags
 9月 25 17:27:21 archlinux kernel: pci 0000:c2:00.0: PME# supported from D3hot D3cold
 9月 25 17:27:21 archlinux kernel: pci 0000:c2:00.1: [1022:1502] type 00 class 0x118000 PCIe Endpoint
 9月 25 17:27:21 archlinux kernel: pci 0000:c2:00.1: BAR 0 [mem 0x90900000-0x9097ffff]
 9月 25 17:27:21 archlinux kernel: pci 0000:c2:00.1: BAR 1 [mem 0x909c0000-0x909c1fff]
 9月 25 17:27:21 archlinux kernel: pci 0000:c2:00.1: BAR 2 [mem 0x8010800000-0x801083ffff 64bit pref]
 9月 25 17:27:21 archlinux kernel: pci 0000:c2:00.1: BAR 4 [mem 0x90980000-0x909bffff]
 9月 25 17:27:21 archlinux kernel: pci 0000:c2:00.1: enabling Extended Tags
 9月 25 17:27:21 archlinux kernel: pci 0000:00:08.2: PCI bridge to [bus c2]
 9月 25 17:27:21 archlinux kernel: pci 0000:c3:00.0: [1022:14ec] type 00 class 0x130000 PCIe Endpoint
 9月 25 17:27:21 archlinux kernel: pci 0000:c3:00.0: enabling Extended Tags
 9月 25 17:27:21 archlinux kernel: pci 0000:c3:00.3: [1022:15c0] type 00 class 0x0c0330 PCIe Endpoint
 9月 25 17:27:21 archlinux kernel: pci 0000:c3:00.3: BAR 0 [mem 0x90600000-0x906fffff 64bit]
 9月 25 17:27:21 archlinux kernel: pci 0000:c3:00.3: enabling Extended Tags
 9月 25 17:27:21 archlinux kernel: pci 0000:c3:00.3: PME# supported from D0 D3hot D3cold
 9月 25 17:27:21 archlinux kernel: pci 0000:c3:00.4: [1022:15c1] type 00 class 0x0c0330 PCIe Endpoint
 9月 25 17:27:21 archlinux kernel: pci 0000:c3:00.4: BAR 0 [mem 0x90700000-0x907fffff 64bit]
 9月 25 17:27:21 archlinux kernel: pci 0000:c3:00.4: enabling Extended Tags
 9月 25 17:27:21 archlinux kernel: pci 0000:c3:00.4: PME# supported from D0 D3hot D3cold
 9月 25 17:27:21 archlinux kernel: pci 0000:c3:00.5: [1022:1668] type 00 class 0x0c0340 PCIe Endpoint
 9月 25 17:27:21 archlinux kernel: pci 0000:c3:00.5: BAR 0 [mem 0x90800000-0x9087ffff 64bit]
 9月 25 17:27:21 archlinux kernel: pci 0000:c3:00.5: Max Payload Size set to 128 (was 256, max 256)
 9月 25 17:27:21 archlinux kernel: pci 0000:c3:00.5: enabling Extended Tags
 9月 25 17:27:21 archlinux kernel: pci 0000:c3:00.5: PME# supported from D0 D3hot D3cold
 9月 25 17:27:21 archlinux kernel: pci 0000:c3:00.6: [1022:1669] type 00 class 0x0c0340 PCIe Endpoint
 9月 25 17:27:21 archlinux kernel: pci 0000:c3:00.6: BAR 0 [mem 0x90880000-0x908fffff 64bit]
 9月 25 17:27:21 archlinux kernel: pci 0000:c3:00.6: Max Payload Size set to 128 (was 256, max 256)
 9月 25 17:27:21 archlinux kernel: pci 0000:c3:00.6: enabling Extended Tags
 9月 25 17:27:21 archlinux kernel: pci 0000:c3:00.6: PME# supported from D0 D3hot D3cold
 9月 25 17:27:21 archlinux kernel: pci 0000:00:08.3: PCI bridge to [bus c3]
 9月 25 17:27:21 archlinux kernel: ACPI: PCI: Interrupt link LNKA configured for IRQ 0
 9月 25 17:27:21 archlinux kernel: ACPI: PCI: Interrupt link LNKA disabled
 9月 25 17:27:21 archlinux kernel: ACPI: PCI: Interrupt link LNKB configured for IRQ 0
 9月 25 17:27:21 archlinux kernel: ACPI: PCI: Interrupt link LNKB disabled
 9月 25 17:27:21 archlinux kernel: ACPI: PCI: Interrupt link LNKC configured for IRQ 0
 9月 25 17:27:21 archlinux kernel: ACPI: PCI: Interrupt link LNKC disabled
 9月 25 17:27:21 archlinux kernel: ACPI: PCI: Interrupt link LNKD configured for IRQ 0
 9月 25 17:27:21 archlinux kernel: ACPI: PCI: Interrupt link LNKD disabled
 9月 25 17:27:21 archlinux kernel: ACPI: PCI: Interrupt link LNKE configured for IRQ 0
 9月 25 17:27:21 archlinux kernel: ACPI: PCI: Interrupt link LNKE disabled
 9月 25 17:27:21 archlinux kernel: ACPI: PCI: Interrupt link LNKF configured for IRQ 0
 9月 25 17:27:21 archlinux kernel: ACPI: PCI: Interrupt link LNKF disabled
 9月 25 17:27:21 archlinux kernel: ACPI: PCI: Interrupt link LNKG configured for IRQ 0
 9月 25 17:27:21 archlinux kernel: ACPI: PCI: Interrupt link LNKG disabled
 9月 25 17:27:21 archlinux kernel: ACPI: PCI: Interrupt link LNKH configured for IRQ 0
 9月 25 17:27:21 archlinux kernel: ACPI: PCI: Interrupt link LNKH disabled
 9月 25 17:27:21 archlinux kernel: Low-power S0 idle used by default for system suspend
 9月 25 17:27:21 archlinux kernel: ACPI: EC: interrupt unblocked
 9月 25 17:27:21 archlinux kernel: ACPI: EC: event unblocked
 9月 25 17:27:21 archlinux kernel: ACPI: EC: EC_CMD/EC_SC=0x66, EC_DATA=0x62
 9月 25 17:27:21 archlinux kernel: ACPI: EC: GPE=0xb
 9月 25 17:27:21 archlinux kernel: ACPI: \_SB_.PCI0.LPC0.EC0_: Boot DSDT EC initialization complete
 9月 25 17:27:21 archlinux kernel: ACPI: \_SB_.PCI0.LPC0.EC0_: EC: Used to handle transactions and events
 9月 25 17:27:21 archlinux kernel: iommu: Default domain type: Translated
 9月 25 17:27:21 archlinux kernel: iommu: DMA domain TLB invalidation policy: lazy mode
 9月 25 17:27:21 archlinux kernel: SCSI subsystem initialized
 9月 25 17:27:21 archlinux kernel: libata version 3.00 loaded.
 9月 25 17:27:21 archlinux kernel: ACPI: bus type USB registered
 9月 25 17:27:21 archlinux kernel: usbcore: registered new interface driver usbfs
 9月 25 17:27:21 archlinux kernel: usbcore: registered new interface driver hub
 9月 25 17:27:21 archlinux kernel: usbcore: registered new device driver usb
 9月 25 17:27:21 archlinux kernel: EDAC MC: Ver: 3.0.0
 9月 25 17:27:21 archlinux kernel: efivars: Registered efivars operations
 9月 25 17:27:21 archlinux kernel: NetLabel: Initializing
 9月 25 17:27:21 archlinux kernel: NetLabel:  domain hash size = 128
 9月 25 17:27:21 archlinux kernel: NetLabel:  protocols = UNLABELED CIPSOv4 CALIPSO
 9月 25 17:27:21 archlinux kernel: NetLabel:  unlabeled traffic allowed by default
 9月 25 17:27:21 archlinux kernel: mctp: management component transport protocol core
 9月 25 17:27:21 archlinux kernel: NET: Registered PF_MCTP protocol family
 9月 25 17:27:21 archlinux kernel: PCI: Using ACPI for IRQ routing
 9月 25 17:27:21 archlinux kernel: PCI: pci_cache_line_size set to 64 bytes
 9月 25 17:27:21 archlinux kernel: resource: Expanded resource Reserved due to conflict with PCI Bus 0000:00
 9月 25 17:27:21 archlinux kernel: resource: Expanded resource Reserved due to conflict with PCI Bus 0000:00
 9月 25 17:27:21 archlinux kernel: e820: reserve RAM buffer [mem 0x0009f000-0x0009ffff]
 9月 25 17:27:21 archlinux kernel: e820: reserve RAM buffer [mem 0x09b00000-0x0bffffff]
 9月 25 17:27:21 archlinux kernel: e820: reserve RAM buffer [mem 0x09f00000-0x0bffffff]
 9月 25 17:27:21 archlinux kernel: e820: reserve RAM buffer [mem 0x43fbf018-0x43ffffff]
 9月 25 17:27:21 archlinux kernel: e820: reserve RAM buffer [mem 0x49b60000-0x4bffffff]
 9月 25 17:27:21 archlinux kernel: e820: reserve RAM buffer [mem 0x4bd69000-0x4bffffff]
 9月 25 17:27:21 archlinux kernel: e820: reserve RAM buffer [mem 0x4bd6f000-0x4bffffff]
 9月 25 17:27:21 archlinux kernel: e820: reserve RAM buffer [mem 0x52e6e000-0x53ffffff]
 9月 25 17:27:21 archlinux kernel: e820: reserve RAM buffer [mem 0x5491c000-0x57ffffff]
 9月 25 17:27:21 archlinux kernel: e820: reserve RAM buffer [mem 0x57f7f000-0x57ffffff]
 9月 25 17:27:21 archlinux kernel: e820: reserve RAM buffer [mem 0x5b000000-0x5bffffff]
 9月 25 17:27:21 archlinux kernel: e820: reserve RAM buffer [mem 0x87e300000-0x87fffffff]
 9月 25 17:27:21 archlinux kernel: pci 0000:c1:00.0: vgaarb: setting as boot VGA device
 9月 25 17:27:21 archlinux kernel: pci 0000:c1:00.0: vgaarb: bridge control possible
 9月 25 17:27:21 archlinux kernel: pci 0000:c1:00.0: vgaarb: VGA device added: decodes=io+mem,owns=none,locks=none
 9月 25 17:27:21 archlinux kernel: vgaarb: loaded
 9月 25 17:27:21 archlinux kernel: hpet0: at MMIO 0xfed00000, IRQs 2, 8, 0
 9月 25 17:27:21 archlinux kernel: hpet0: 3 comparators, 32-bit 14.318180 MHz counter
 9月 25 17:27:21 archlinux kernel: clocksource: Switched to clocksource tsc-early
 9月 25 17:27:21 archlinux kernel: VFS: Disk quotas dquot_6.6.0
 9月 25 17:27:21 archlinux kernel: VFS: Dquot-cache hash table entries: 512 (order 0, 4096 bytes)
 9月 25 17:27:21 archlinux kernel: pnp: PnP ACPI init
 9月 25 17:27:21 archlinux kernel: system 00:00: [mem 0xfec00000-0xfec01fff] could not be reserved
 9月 25 17:27:21 archlinux kernel: system 00:00: [mem 0xfee00000-0xfee00fff] has been reserved
 9月 25 17:27:21 archlinux kernel: system 00:02: [io  0x0400-0x04cf] has been reserved
 9月 25 17:27:21 archlinux kernel: system 00:02: [io  0x04d0-0x04d1] has been reserved
 9月 25 17:27:21 archlinux kernel: system 00:02: [io  0x04d6] has been reserved
 9月 25 17:27:21 archlinux kernel: system 00:02: [io  0x0c00-0x0c01] has been reserved
 9月 25 17:27:21 archlinux kernel: system 00:02: [io  0x0c14] has been reserved
 9月 25 17:27:21 archlinux kernel: system 00:02: [io  0x0c50-0x0c52] has been reserved
 9月 25 17:27:21 archlinux kernel: system 00:02: [io  0x0c6c] has been reserved
 9月 25 17:27:21 archlinux kernel: system 00:02: [io  0x0c6f] has been reserved
 9月 25 17:27:21 archlinux kernel: system 00:02: [io  0x0cd0-0x0cdb] has been reserved
 9月 25 17:27:21 archlinux kernel: system 00:03: [mem 0x000e0000-0x000fffff] could not be reserved
 9月 25 17:27:21 archlinux kernel: system 00:03: [mem 0xfe000000-0xffffffff] could not be reserved
 9月 25 17:27:21 archlinux kernel: pnp: PnP ACPI: found 5 devices
 9月 25 17:27:21 archlinux kernel: clocksource: acpi_pm: mask: 0xffffff max_cycles: 0xffffff, max_idle_ns: 2085701024 ns
 9月 25 17:27:21 archlinux kernel: NET: Registered PF_INET protocol family
 9月 25 17:27:21 archlinux kernel: IP idents hash table entries: 262144 (order: 9, 2097152 bytes, linear)
 9月 25 17:27:21 archlinux kernel: tcp_listen_portaddr_hash hash table entries: 16384 (order: 6, 262144 bytes, linear)
 9月 25 17:27:21 archlinux kernel: Table-perturb hash table entries: 65536 (order: 6, 262144 bytes, linear)
 9月 25 17:27:21 archlinux kernel: TCP established hash table entries: 262144 (order: 9, 2097152 bytes, linear)
 9月 25 17:27:21 archlinux kernel: TCP bind hash table entries: 65536 (order: 9, 2097152 bytes, linear)
 9月 25 17:27:21 archlinux kernel: TCP: Hash tables configured (established 262144 bind 65536)
 9月 25 17:27:21 archlinux kernel: MPTCP token hash table entries: 32768 (order: 7, 786432 bytes, linear)
 9月 25 17:27:21 archlinux kernel: UDP hash table entries: 16384 (order: 7, 524288 bytes, linear)
 9月 25 17:27:21 archlinux kernel: UDP-Lite hash table entries: 16384 (order: 7, 524288 bytes, linear)
 9月 25 17:27:21 archlinux kernel: NET: Registered PF_UNIX/PF_LOCAL protocol family
 9月 25 17:27:21 archlinux kernel: NET: Registered PF_XDP protocol family
 9月 25 17:27:21 archlinux kernel: pci 0000:00:02.2: PCI bridge to [bus 01]
 9月 25 17:27:21 archlinux kernel: pci 0000:00:02.2:   bridge window [mem 0x90b00000-0x90bfffff]
 9月 25 17:27:21 archlinux kernel: pci 0000:00:02.4: PCI bridge to [bus 02]
 9月 25 17:27:21 archlinux kernel: pci 0000:00:02.4:   bridge window [mem 0x90a00000-0x90afffff]
 9月 25 17:27:21 archlinux kernel: pci 0000:00:03.1: PCI bridge to [bus 03-61]
 9月 25 17:27:21 archlinux kernel: pci 0000:00:03.1:   bridge window [io  0x6000-0x9fff]
 9月 25 17:27:21 archlinux kernel: pci 0000:00:03.1:   bridge window [mem 0x78000000-0x8fffffff]
 9月 25 17:27:21 archlinux kernel: pci 0000:00:03.1:   bridge window [mem 0x7000000000-0x7fffffffff 64bit pref]
 9月 25 17:27:21 archlinux kernel: pci 0000:00:04.1: PCI bridge to [bus 62-c0]
 9月 25 17:27:21 archlinux kernel: pci 0000:00:04.1:   bridge window [io  0x2000-0x5fff]
 9月 25 17:27:21 archlinux kernel: pci 0000:00:04.1:   bridge window [mem 0x60000000-0x77ffffff]
 9月 25 17:27:21 archlinux kernel: pci 0000:00:04.1:   bridge window [mem 0x6000000000-0x6fffffffff 64bit pref]
 9月 25 17:27:21 archlinux kernel: pci 0000:00:08.1: PCI bridge to [bus c1]
 9月 25 17:27:21 archlinux kernel: pci 0000:00:08.1:   bridge window [io  0x1000-0x1fff]
 9月 25 17:27:21 archlinux kernel: pci 0000:00:08.1:   bridge window [mem 0x90000000-0x905fffff]
 9月 25 17:27:21 archlinux kernel: pci 0000:00:08.1:   bridge window [mem 0x8000000000-0x80107fffff 64bit pref]
 9月 25 17:27:21 archlinux kernel: pci 0000:00:08.2: PCI bridge to [bus c2]
 9月 25 17:27:21 archlinux kernel: pci 0000:00:08.2:   bridge window [mem 0x90900000-0x909fffff]
 9月 25 17:27:21 archlinux kernel: pci 0000:00:08.2:   bridge window [mem 0x8010800000-0x80108fffff 64bit pref]
 9月 25 17:27:21 archlinux kernel: pci 0000:00:08.3: PCI bridge to [bus c3]
 9月 25 17:27:21 archlinux kernel: pci 0000:00:08.3:   bridge window [mem 0x90600000-0x908fffff]
 9月 25 17:27:21 archlinux kernel: pci_bus 0000:00: resource 4 [io  0x0000-0x0cf7 window]
 9月 25 17:27:21 archlinux kernel: pci_bus 0000:00: resource 5 [io  0x0d00-0xffff window]
 9月 25 17:27:21 archlinux kernel: pci_bus 0000:00: resource 6 [mem 0x000a0000-0x000bffff window]
 9月 25 17:27:21 archlinux kernel: pci_bus 0000:00: resource 7 [mem 0x000c0000-0x000cffff window]
 9月 25 17:27:21 archlinux kernel: pci_bus 0000:00: resource 8 [mem 0x000d0000-0x000effff window]
 9月 25 17:27:21 archlinux kernel: pci_bus 0000:00: resource 9 [mem 0x60000000-0x90bfffff window]
 9月 25 17:27:21 archlinux kernel: pci_bus 0000:00: resource 10 [mem 0xf0000000-0xfec00000 window]
 9月 25 17:27:21 archlinux kernel: pci_bus 0000:00: resource 11 [mem 0xfed45000-0xfed814ff window]
 9月 25 17:27:21 archlinux kernel: pci_bus 0000:00: resource 12 [mem 0xfed81900-0xfed81fff window]
 9月 25 17:27:21 archlinux kernel: pci_bus 0000:00: resource 13 [mem 0xfedc0000-0xfedc0fff window]
 9月 25 17:27:21 archlinux kernel: pci_bus 0000:00: resource 14 [mem 0xfedc6000-0xfedc6fff window]
 9月 25 17:27:21 archlinux kernel: pci_bus 0000:00: resource 15 [mem 0x8c0200000-0x811fffffff window]
 9月 25 17:27:21 archlinux kernel: pci_bus 0000:01: resource 1 [mem 0x90b00000-0x90bfffff]
 9月 25 17:27:21 archlinux kernel: pci_bus 0000:02: resource 1 [mem 0x90a00000-0x90afffff]
 9月 25 17:27:21 archlinux kernel: pci_bus 0000:03: resource 0 [io  0x6000-0x9fff]
 9月 25 17:27:21 archlinux kernel: pci_bus 0000:03: resource 1 [mem 0x78000000-0x8fffffff]
 9月 25 17:27:21 archlinux kernel: pci_bus 0000:03: resource 2 [mem 0x7000000000-0x7fffffffff 64bit pref]
 9月 25 17:27:21 archlinux kernel: pci_bus 0000:62: resource 0 [io  0x2000-0x5fff]
 9月 25 17:27:21 archlinux kernel: pci_bus 0000:62: resource 1 [mem 0x60000000-0x77ffffff]
 9月 25 17:27:21 archlinux kernel: pci_bus 0000:62: resource 2 [mem 0x6000000000-0x6fffffffff 64bit pref]
 9月 25 17:27:21 archlinux kernel: pci_bus 0000:c1: resource 0 [io  0x1000-0x1fff]
 9月 25 17:27:21 archlinux kernel: pci_bus 0000:c1: resource 1 [mem 0x90000000-0x905fffff]
 9月 25 17:27:21 archlinux kernel: pci_bus 0000:c1: resource 2 [mem 0x8000000000-0x80107fffff 64bit pref]
 9月 25 17:27:21 archlinux kernel: pci_bus 0000:c2: resource 1 [mem 0x90900000-0x909fffff]
 9月 25 17:27:21 archlinux kernel: pci_bus 0000:c2: resource 2 [mem 0x8010800000-0x80108fffff 64bit pref]
 9月 25 17:27:21 archlinux kernel: pci_bus 0000:c3: resource 1 [mem 0x90600000-0x908fffff]
 9月 25 17:27:21 archlinux kernel: pci 0000:c1:00.1: D0 power state depends on 0000:c1:00.0
 9月 25 17:27:21 archlinux kernel: PCI: CLS 64 bytes, default 64
 9月 25 17:27:21 archlinux kernel: pci 0000:00:00.2: AMD-Vi: IOMMU performance counters supported
 9月 25 17:27:21 archlinux kernel: Trying to unpack rootfs image as initramfs...
 9月 25 17:27:21 archlinux kernel: pci 0000:00:01.0: Adding to iommu group 0
 9月 25 17:27:21 archlinux kernel: pci 0000:00:02.0: Adding to iommu group 1
 9月 25 17:27:21 archlinux kernel: pci 0000:00:02.2: Adding to iommu group 2
 9月 25 17:27:21 archlinux kernel: pci 0000:00:02.4: Adding to iommu group 3
 9月 25 17:27:21 archlinux kernel: pci 0000:00:03.0: Adding to iommu group 4
 9月 25 17:27:21 archlinux kernel: pci 0000:00:03.1: Adding to iommu group 4
 9月 25 17:27:21 archlinux kernel: pci 0000:00:04.0: Adding to iommu group 5
 9月 25 17:27:21 archlinux kernel: pci 0000:00:04.1: Adding to iommu group 5
 9月 25 17:27:21 archlinux kernel: pci 0000:00:08.0: Adding to iommu group 6
 9月 25 17:27:21 archlinux kernel: pci 0000:00:08.1: Adding to iommu group 7
 9月 25 17:27:21 archlinux kernel: pci 0000:00:08.2: Adding to iommu group 8
 9月 25 17:27:21 archlinux kernel: pci 0000:00:08.3: Adding to iommu group 9
 9月 25 17:27:21 archlinux kernel: pci 0000:00:14.0: Adding to iommu group 10
 9月 25 17:27:21 archlinux kernel: pci 0000:00:14.3: Adding to iommu group 10
 9月 25 17:27:21 archlinux kernel: pci 0000:00:18.0: Adding to iommu group 11
 9月 25 17:27:21 archlinux kernel: pci 0000:00:18.1: Adding to iommu group 11
 9月 25 17:27:21 archlinux kernel: pci 0000:00:18.2: Adding to iommu group 11
 9月 25 17:27:21 archlinux kernel: pci 0000:00:18.3: Adding to iommu group 11
 9月 25 17:27:21 archlinux kernel: pci 0000:00:18.4: Adding to iommu group 11
 9月 25 17:27:21 archlinux kernel: pci 0000:00:18.5: Adding to iommu group 11
 9月 25 17:27:21 archlinux kernel: pci 0000:00:18.6: Adding to iommu group 11
 9月 25 17:27:21 archlinux kernel: pci 0000:00:18.7: Adding to iommu group 11
 9月 25 17:27:21 archlinux kernel: pci 0000:01:00.0: Adding to iommu group 12
 9月 25 17:27:21 archlinux kernel: pci 0000:02:00.0: Adding to iommu group 13
 9月 25 17:27:21 archlinux kernel: pci 0000:c1:00.0: Adding to iommu group 14
 9月 25 17:27:21 archlinux kernel: pci 0000:c1:00.1: Adding to iommu group 15
 9月 25 17:27:21 archlinux kernel: pci 0000:c1:00.2: Adding to iommu group 16
 9月 25 17:27:21 archlinux kernel: pci 0000:c1:00.3: Adding to iommu group 17
 9月 25 17:27:21 archlinux kernel: pci 0000:c1:00.4: Adding to iommu group 18
 9月 25 17:27:21 archlinux kernel: pci 0000:c1:00.5: Adding to iommu group 19
 9月 25 17:27:21 archlinux kernel: pci 0000:c1:00.6: Adding to iommu group 20
 9月 25 17:27:21 archlinux kernel: pci 0000:c2:00.0: Adding to iommu group 21
 9月 25 17:27:21 archlinux kernel: pci 0000:c2:00.1: Adding to iommu group 22
 9月 25 17:27:21 archlinux kernel: pci 0000:c3:00.0: Adding to iommu group 23
 9月 25 17:27:21 archlinux kernel: pci 0000:c3:00.3: Adding to iommu group 24
 9月 25 17:27:21 archlinux kernel: pci 0000:c3:00.4: Adding to iommu group 25
 9月 25 17:27:21 archlinux kernel: pci 0000:c3:00.5: Adding to iommu group 26
 9月 25 17:27:21 archlinux kernel: pci 0000:c3:00.6: Adding to iommu group 27
 9月 25 17:27:21 archlinux kernel: AMD-Vi: Extended features (0x246577efa2054ada, 0x0): PPR NX GT IA GA PC
 9月 25 17:27:21 archlinux kernel: AMD-Vi: Interrupt remapping enabled
 9月 25 17:27:21 archlinux kernel: PCI-DMA: Using software bounce buffering for IO (SWIOTLB)
 9月 25 17:27:21 archlinux kernel: software IO TLB: mapped [mem 0x000000004e2e3000-0x00000000522e3000] (64MB)
 9月 25 17:27:21 archlinux kernel: LVT offset 0 assigned for vector 0x400
 9月 25 17:27:21 archlinux kernel: perf: AMD IBS detected (0x00000bff)
 9月 25 17:27:21 archlinux kernel: perf/amd_iommu: Detected AMD IOMMU #0 (2 banks, 4 counters/bank).
 9月 25 17:27:21 archlinux kernel: Initialise system trusted keyrings
 9月 25 17:27:21 archlinux kernel: Key type blacklist registered
 9月 25 17:27:21 archlinux kernel: workingset: timestamp_bits=41 max_order=23 bucket_order=0
 9月 25 17:27:21 archlinux kernel: zbud: loaded
 9月 25 17:27:21 archlinux kernel: fuse: init (API version 7.40)
 9月 25 17:27:21 archlinux kernel: integrity: Platform Keyring initialized
 9月 25 17:27:21 archlinux kernel: integrity: Machine keyring initialized
 9月 25 17:27:21 archlinux kernel: Key type asymmetric registered
 9月 25 17:27:21 archlinux kernel: Asymmetric key parser 'x509' registered
 9月 25 17:27:21 archlinux kernel: Block layer SCSI generic (bsg) driver version 0.4 loaded (major 246)
 9月 25 17:27:21 archlinux kernel: io scheduler mq-deadline registered
 9月 25 17:27:21 archlinux kernel: io scheduler kyber registered
 9月 25 17:27:21 archlinux kernel: io scheduler bfq registered
 9月 25 17:27:21 archlinux kernel: pcieport 0000:00:02.2: PME: Signaling with IRQ 38
 9月 25 17:27:21 archlinux kernel: pcieport 0000:00:02.4: PME: Signaling with IRQ 39
 9月 25 17:27:21 archlinux kernel: pcieport 0000:00:03.1: PME: Signaling with IRQ 40
 9月 25 17:27:21 archlinux kernel: pcieport 0000:00:03.1: pciehp: Slot #0 AttnBtn- PwrCtrl- MRL- AttnInd- PwrInd- HotPlug+ Surprise+ Interlock- NoCompl+ IbPresDis- LLActRep+
 9月 25 17:27:21 archlinux kernel: pcieport 0000:00:04.1: PME: Signaling with IRQ 41
 9月 25 17:27:21 archlinux kernel: pcieport 0000:00:04.1: pciehp: Slot #0 AttnBtn- PwrCtrl- MRL- AttnInd- PwrInd- HotPlug+ Surprise+ Interlock- NoCompl+ IbPresDis- LLActRep+
 9月 25 17:27:21 archlinux kernel: pcieport 0000:00:08.1: PME: Signaling with IRQ 42
 9月 25 17:27:21 archlinux kernel: pcieport 0000:00:08.2: PME: Signaling with IRQ 43
 9月 25 17:27:21 archlinux kernel: pcieport 0000:00:08.3: PME: Signaling with IRQ 44
 9月 25 17:27:21 archlinux kernel: shpchp: Standard Hot Plug PCI Controller Driver version: 0.4
 9月 25 17:27:21 archlinux kernel: ACPI: AC: AC Adapter [ACAD] (on-line)
 9月 25 17:27:21 archlinux kernel: input: Lid Switch as /devices/LNXSYSTM:00/LNXSYBUS:00/PNP0A08:00/device:44/PNP0C09:00/PNP0C0D:00/input/input0
 9月 25 17:27:21 archlinux kernel: ACPI: button: Lid Switch [LID0]
 9月 25 17:27:21 archlinux kernel: input: Power Button as /devices/LNXSYSTM:00/LNXSYBUS:00/PNP0C0C:00/input/input1
 9月 25 17:27:21 archlinux kernel: ACPI: button: Power Button [PWRB]
 9月 25 17:27:21 archlinux kernel: Estimated ratio of average max frequency by base frequency (times 1024): 1548
 9月 25 17:27:21 archlinux kernel: Monitor-Mwait will be used to enter C-1 state
 9月 25 17:27:21 archlinux kernel: ACPI: \_SB_.PLTF.C000: Found 3 idle states
 9月 25 17:27:21 archlinux kernel: ACPI: \_SB_.PLTF.C001: Found 3 idle states
 9月 25 17:27:21 archlinux kernel: ACPI: \_SB_.PLTF.C002: Found 3 idle states
 9月 25 17:27:21 archlinux kernel: ACPI: \_SB_.PLTF.C003: Found 3 idle states
 9月 25 17:27:21 archlinux kernel: ACPI: \_SB_.PLTF.C004: Found 3 idle states
 9月 25 17:27:21 archlinux kernel: ACPI: \_SB_.PLTF.C005: Found 3 idle states
 9月 25 17:27:21 archlinux kernel: ACPI: \_SB_.PLTF.C006: Found 3 idle states
 9月 25 17:27:21 archlinux kernel: ACPI: \_SB_.PLTF.C007: Found 3 idle states
 9月 25 17:27:21 archlinux kernel: ACPI: \_SB_.PLTF.C008: Found 3 idle states
 9月 25 17:27:21 archlinux kernel: ACPI: \_SB_.PLTF.C009: Found 3 idle states
 9月 25 17:27:21 archlinux kernel: ACPI: \_SB_.PLTF.C00A: Found 3 idle states
 9月 25 17:27:21 archlinux kernel: ACPI: \_SB_.PLTF.C00B: Found 3 idle states
 9月 25 17:27:21 archlinux kernel: ACPI: \_SB_.PLTF.C00C: Found 3 idle states
 9月 25 17:27:21 archlinux kernel: ACPI: \_SB_.PLTF.C00D: Found 3 idle states
 9月 25 17:27:21 archlinux kernel: ACPI: \_SB_.PLTF.C00E: Found 3 idle states
 9月 25 17:27:21 archlinux kernel: ACPI: \_SB_.PLTF.C00F: Found 3 idle states
 9月 25 17:27:21 archlinux kernel: ACPI: thermal: [Firmware Bug]: Invalid critical threshold (-274000)
 9月 25 17:27:21 archlinux kernel: ACPI: thermal: [Firmware Bug]: No valid trip points!
 9月 25 17:27:21 archlinux kernel: thermal LNXTHERM:00: registered as thermal_zone0
 9月 25 17:27:21 archlinux kernel: ACPI: thermal: Thermal Zone [TZ00] (43 C)
 9月 25 17:27:21 archlinux kernel: ACPI: thermal: [Firmware Bug]: Invalid critical threshold (-274000)
 9月 25 17:27:21 archlinux kernel: ACPI: thermal: [Firmware Bug]: No valid trip points!
 9月 25 17:27:21 archlinux kernel: thermal LNXTHERM:01: registered as thermal_zone1
 9月 25 17:27:21 archlinux kernel: ACPI: thermal: Thermal Zone [TZ01] (44 C)
 9月 25 17:27:21 archlinux kernel: ACPI: thermal: [Firmware Bug]: Invalid critical threshold (-274000)
 9月 25 17:27:21 archlinux kernel: ACPI: thermal: [Firmware Bug]: No valid trip points!
 9月 25 17:27:21 archlinux kernel: thermal LNXTHERM:02: registered as thermal_zone2
 9月 25 17:27:21 archlinux kernel: ACPI: thermal: Thermal Zone [TZ02] (43 C)
 9月 25 17:27:21 archlinux kernel: ACPI: thermal: [Firmware Bug]: Invalid critical threshold (-274000)
 9月 25 17:27:21 archlinux kernel: ACPI: thermal: [Firmware Bug]: No valid trip points!
 9月 25 17:27:21 archlinux kernel: thermal LNXTHERM:03: registered as thermal_zone3
 9月 25 17:27:21 archlinux kernel: ACPI: thermal: Thermal Zone [TZ03] (55 C)
 9月 25 17:27:21 archlinux kernel: Serial: 8250/16550 driver, 32 ports, IRQ sharing enabled
 9月 25 17:27:21 archlinux kernel: ACPI: battery: Slot [BAT1] (battery present)
 9月 25 17:27:21 archlinux kernel: Non-volatile memory driver v1.3
 9月 25 17:27:21 archlinux kernel: Linux agpgart interface v0.103
 9月 25 17:27:21 archlinux kernel: Freeing initrd memory: 44480K
 9月 25 17:27:21 archlinux kernel: ACPI: bus type drm_connector registered
 9月 25 17:27:21 archlinux kernel: usbcore: registered new interface driver usbserial_generic
 9月 25 17:27:21 archlinux kernel: usbserial: USB Serial support registered for generic
 9月 25 17:27:21 archlinux kernel: rtc_cmos 00:01: RTC can wake from S4
 9月 25 17:27:21 archlinux kernel: rtc_cmos 00:01: registered as rtc0
 9月 25 17:27:21 archlinux kernel: rtc_cmos 00:01: setting system clock to 2024-09-26T00:27:21 UTC (1727310441)
 9月 25 17:27:21 archlinux kernel: rtc_cmos 00:01: alarms up to one month, 114 bytes nvram
 9月 25 17:27:21 archlinux kernel: ledtrig-cpu: registered to indicate activity on CPUs
 9月 25 17:27:21 archlinux kernel: [drm] Initialized simpledrm 1.0.0 20200625 for simple-framebuffer.0 on minor 0
 9月 25 17:27:21 archlinux kernel: fbcon: Deferring console take-over
 9月 25 17:27:21 archlinux kernel: simple-framebuffer simple-framebuffer.0: [drm] fb0: simpledrmdrmfb frame buffer device
 9月 25 17:27:21 archlinux kernel: hid: raw HID events driver (C) Jiri Kosina
 9月 25 17:27:21 archlinux kernel: drop_monitor: Initializing network drop monitor service
 9月 25 17:27:21 archlinux kernel: NET: Registered PF_INET6 protocol family
 9月 25 17:27:21 archlinux kernel: Segment Routing with IPv6
 9月 25 17:27:21 archlinux kernel: RPL Segment Routing with IPv6
 9月 25 17:27:21 archlinux kernel: In-situ OAM (IOAM) with IPv6
 9月 25 17:27:21 archlinux kernel: NET: Registered PF_PACKET protocol family
 9月 25 17:27:21 archlinux kernel: microcode: Current revision: 0x0a704104
 9月 25 17:27:21 archlinux kernel: resctrl: L3 allocation detected
 9月 25 17:27:21 archlinux kernel: resctrl: MB allocation detected
 9月 25 17:27:21 archlinux kernel: resctrl: SMBA allocation detected
 9月 25 17:27:21 archlinux kernel: resctrl: L3 monitoring detected
 9月 25 17:27:21 archlinux kernel: IPI shorthand broadcast: enabled
 9月 25 17:27:21 archlinux kernel: sched_clock: Marking stable (533913530, 405962)->(539325572, -5006080)
 9月 25 17:27:21 archlinux kernel: Timer migration: 2 hierarchy levels; 8 children per group; 2 crossnode level
 9月 25 17:27:21 archlinux kernel: registered taskstats version 1
 9月 25 17:27:21 archlinux kernel: Loading compiled-in X.509 certificates
 9月 25 17:27:21 archlinux kernel: Loaded X.509 cert 'Build time autogenerated kernel key: 0053407a583e4abf791c272ae6ca151222bca233'
 9月 25 17:27:21 archlinux kernel: zswap: loaded using pool zstd/zsmalloc
 9月 25 17:27:21 archlinux kernel: Demotion targets for Node 0: null
 9月 25 17:27:21 archlinux kernel: Key type .fscrypt registered
 9月 25 17:27:21 archlinux kernel: Key type fscrypt-provisioning registered
 9月 25 17:27:21 archlinux kernel: integrity: Loading X.509 certificate: UEFI:db
 9月 25 17:27:21 archlinux kernel: integrity: Loaded X.509 cert 'Microsoft Windows Production PCA 2011: a92902398e16c49778cd90f99e4f9ae17c55af53'
 9月 25 17:27:21 archlinux kernel: integrity: Loading X.509 certificate: UEFI:db
 9月 25 17:27:21 archlinux kernel: integrity: Loaded X.509 cert 'Microsoft Corporation UEFI CA 2011: 13adbf4309bd82709c8cd54f316ed522988a1bd4'
 9月 25 17:27:21 archlinux kernel: integrity: Loading X.509 certificate: UEFI:db
 9月 25 17:27:21 archlinux kernel: integrity: Loaded X.509 cert 'frame.work-LaptopAMDDB: 02'
 9月 25 17:27:21 archlinux kernel: PM:   Magic number: 8:894:456
 9月 25 17:27:21 archlinux kernel: mem urandom: hash matches
 9月 25 17:27:21 archlinux kernel: pci 0000:c1:00.5: hash matches
 9月 25 17:27:21 archlinux kernel: RAS: Correctable Errors collector initialized.
 9月 25 17:27:21 archlinux kernel: clk: Disabling unused clocks
 9月 25 17:27:21 archlinux kernel: PM: genpd: Disabling unused power domains
 9月 25 17:27:21 archlinux kernel: Freeing unused decrypted memory: 2028K
 9月 25 17:27:21 archlinux kernel: Freeing unused kernel image (initmem) memory: 3436K
 9月 25 17:27:21 archlinux kernel: Write protecting the kernel read-only data: 32768k
 9月 25 17:27:21 archlinux kernel: Freeing unused kernel image (rodata/data gap) memory: 896K
 9月 25 17:27:21 archlinux kernel: x86/mm: Checked W+X mappings: passed, no W+X pages found.
 9月 25 17:27:21 archlinux kernel: rodata_test: all tests were successful
 9月 25 17:27:21 archlinux kernel: Run /init as init process
 9月 25 17:27:21 archlinux kernel:   with arguments:
 9月 25 17:27:21 archlinux kernel:     /init
 9月 25 17:27:21 archlinux kernel:   with environment:
 9月 25 17:27:21 archlinux kernel:     HOME=/
 9月 25 17:27:21 archlinux kernel:     TERM=linux
 9月 25 17:27:21 archlinux kernel:     cryptdevice=UUID=499ca034-4970-4e24-aada-310d7d6ab42f:cryptlvm:allow-discards
 9月 25 17:27:21 archlinux systemd[1]: Successfully made /usr/ read-only.
 9月 25 17:27:21 archlinux systemd[1]: systemd 256.6-1-arch running in system mode (+PAM +AUDIT -SELINUX -APPARMOR -IMA +SMACK +SECCOMP +GCRYPT +GNUTLS +OPENSSL +ACL +BLKID +CURL +ELFUTILS +FIDO2 +IDN2 -IDN +IPTC +KMOD +LIBCRYPTSETUP +LIBCRYPTSETUP_PLUGINS +LIBFDISK +PCRE2 +PWQUALITY +P11KIT +QRENCODE +TPM2 +BZIP2 +LZ4 +XZ +ZLIB +ZSTD +BPF_FRAMEWORK +XKBCOMMON +UTMP -SYSVINIT +LIBARCHIVE)
 9月 25 17:27:21 archlinux systemd[1]: Detected architecture x86-64.
 9月 25 17:27:21 archlinux systemd[1]: Running in initrd.
 9月 25 17:27:21 archlinux kernel: fbcon: Taking over console
 9月 25 17:27:21 archlinux systemd[1]: Initializing machine ID from random generator.
 9月 25 17:27:21 archlinux kernel: Console: switching to colour frame buffer device 180x60
 9月 25 17:27:21 archlinux systemd[1]: Queued start job for default target Initrd Default Target.
 9月 25 17:27:21 archlinux systemd[1]: Created slice Slice /system/systemd-cryptsetup.
 9月 25 17:27:21 archlinux systemd[1]: Started Dispatch Password Requests to Console Directory Watch.
 9月 25 17:27:21 archlinux systemd[1]: Expecting device /dev/disk/by-uuid/499ca034-4970-4e24-aada-310d7d6ab42f...
 9月 25 17:27:21 archlinux systemd[1]: Expecting device /dev/vg1/root...
 9月 25 17:27:21 archlinux systemd[1]: Reached target Path Units.
 9月 25 17:27:21 archlinux systemd[1]: Reached target Slice Units.
 9月 25 17:27:21 archlinux systemd[1]: Reached target Swaps.
 9月 25 17:27:21 archlinux systemd[1]: Reached target Timer Units.
 9月 25 17:27:21 archlinux systemd[1]: Listening on Journal Socket (/dev/log).
 9月 25 17:27:21 archlinux systemd[1]: Listening on Journal Sockets.
 9月 25 17:27:21 archlinux systemd[1]: Listening on udev Control Socket.
 9月 25 17:27:21 archlinux systemd[1]: Listening on udev Kernel Socket.
 9月 25 17:27:21 archlinux systemd[1]: Reached target Socket Units.
 9月 25 17:27:21 archlinux systemd[1]: Starting Create List of Static Device Nodes...
 9月 25 17:27:21 archlinux systemd[1]: Starting Check battery level during early boot...
 9月 25 17:27:21 archlinux systemd[1]: Starting Journal Service...
 9月 25 17:27:21 archlinux systemd[1]: Starting Load Kernel Modules...
 9月 25 17:27:21 archlinux systemd[1]: TPM PCR Barrier (initrd) was skipped because of an unmet condition check (ConditionSecurity=measured-uki).
 9月 25 17:27:21 archlinux systemd[1]: Starting Create Static Device Nodes in /dev...
 9月 25 17:27:21 archlinux systemd[1]: Starting Coldplug All udev Devices...
 9月 25 17:27:21 archlinux systemd[1]: Finished Create List of Static Device Nodes.
 9月 25 17:27:21 archlinux systemd[1]: Finished Check battery level during early boot.
 9月 25 17:27:21 archlinux systemd[1]: Started Display Boot-Time Emergency Messages In Full Screen.
 9月 25 17:27:21 archlinux systemd[1]: Finished Load Kernel Modules.
 9月 25 17:27:21 archlinux systemd[1]: Finished Create Static Device Nodes in /dev.
 9月 25 17:27:21 archlinux systemd[1]: Reached target Preparation for Local File Systems.
 9月 25 17:27:21 archlinux systemd[1]: Reached target Local File Systems.
 9月 25 17:27:21 archlinux systemd[1]: Starting Rule-based Manager for Device Events and Files...
 9月 25 17:27:21 archlinux systemd-journald[196]: Collecting audit messages is disabled.
 9月 25 17:27:21 archlinux systemd[1]: Started Rule-based Manager for Device Events and Files.
 9月 25 17:27:21 archlinux systemd[1]: Started Journal Service.
 9月 25 17:27:21 archlinux kernel: ACPI: video: Video Device [VGA] (multi-head: yes  rom: no  post: no)
 9月 25 17:27:21 archlinux kernel: input: Video Bus as /devices/LNXSYSTM:00/LNXSYBUS:00/PNP0A08:00/device:16/LNXVIDEO:00/input/input2
 9月 25 17:27:21 archlinux kernel: i8042: PNP: PS/2 Controller [PNP0303:KBC0] at 0x60,0x64 irq 1
 9月 25 17:27:21 archlinux kernel: i8042: PNP: PS/2 appears to have AUX port disabled, if this is incorrect please boot with i8042.nopnp
 9月 25 17:27:21 archlinux kernel: i8042: Warning: Keylock active
 9月 25 17:27:21 archlinux kernel: serio: i8042 KBD port at 0x60,0x64 irq 1
 9月 25 17:27:21 archlinux kernel: xhci_hcd 0000:c1:00.3: xHCI Host Controller
 9月 25 17:27:21 archlinux kernel: xhci_hcd 0000:c1:00.3: new USB bus registered, assigned bus number 1
 9月 25 17:27:21 archlinux kernel: cryptd: max_cpu_qlen set to 1000
 9月 25 17:27:21 archlinux kernel: xhci_hcd 0000:c1:00.3: hcc params 0x0128ffc5 hci version 0x120 quirks 0x0000000200000010
 9月 25 17:27:21 archlinux kernel: xhci_hcd 0000:c1:00.3: xHCI Host Controller
 9月 25 17:27:21 archlinux kernel: xhci_hcd 0000:c1:00.3: new USB bus registered, assigned bus number 2
 9月 25 17:27:21 archlinux kernel: xhci_hcd 0000:c1:00.3: Host supports USB 3.1 Enhanced SuperSpeed
 9月 25 17:27:21 archlinux kernel: usb usb1: New USB device found, idVendor=1d6b, idProduct=0002, bcdDevice= 6.10
 9月 25 17:27:21 archlinux kernel: usb usb1: New USB device strings: Mfr=3, Product=2, SerialNumber=1
 9月 25 17:27:21 archlinux kernel: usb usb1: Product: xHCI Host Controller
 9月 25 17:27:21 archlinux kernel: usb usb1: Manufacturer: Linux 6.10.10-arch1-1 xhci-hcd
 9月 25 17:27:21 archlinux kernel: usb usb1: SerialNumber: 0000:c1:00.3
 9月 25 17:27:21 archlinux kernel: hub 1-0:1.0: USB hub found
 9月 25 17:27:21 archlinux kernel: hub 1-0:1.0: 5 ports detected
 9月 25 17:27:21 archlinux kernel: ccp 0000:c1:00.2: tee enabled
 9月 25 17:27:21 archlinux kernel: ccp 0000:c1:00.2: psp enabled
 9月 25 17:27:21 archlinux kernel: usb usb2: We don't know the algorithms for LPM for this host, disabling LPM.
 9月 25 17:27:21 archlinux kernel: usb usb2: New USB device found, idVendor=1d6b, idProduct=0003, bcdDevice= 6.10
 9月 25 17:27:21 archlinux kernel: usb usb2: New USB device strings: Mfr=3, Product=2, SerialNumber=1
 9月 25 17:27:21 archlinux kernel: usb usb2: Product: xHCI Host Controller
 9月 25 17:27:21 archlinux kernel: usb usb2: Manufacturer: Linux 6.10.10-arch1-1 xhci-hcd
 9月 25 17:27:21 archlinux kernel: usb usb2: SerialNumber: 0000:c1:00.3
 9月 25 17:27:21 archlinux kernel: nvme 0000:02:00.0: platform quirk: setting simple suspend
 9月 25 17:27:21 archlinux kernel: hub 2-0:1.0: USB hub found
 9月 25 17:27:21 archlinux kernel: hub 2-0:1.0: 2 ports detected
 9月 25 17:27:21 archlinux kernel: nvme nvme0: pci function 0000:02:00.0
 9月 25 17:27:21 archlinux kernel: xhci_hcd 0000:c1:00.4: xHCI Host Controller
 9月 25 17:27:21 archlinux kernel: xhci_hcd 0000:c1:00.4: new USB bus registered, assigned bus number 3
 9月 25 17:27:21 archlinux kernel: AVX2 version of gcm_enc/dec engaged.
 9月 25 17:27:21 archlinux kernel: AES CTR mode by8 optimization enabled
 9月 25 17:27:21 archlinux kernel: xhci_hcd 0000:c1:00.4: hcc params 0x0110ffc5 hci version 0x120 quirks 0x0000000200000010
 9月 25 17:27:21 archlinux kernel: xhci_hcd 0000:c1:00.4: xHCI Host Controller
 9月 25 17:27:21 archlinux kernel: xhci_hcd 0000:c1:00.4: new USB bus registered, assigned bus number 4
 9月 25 17:27:21 archlinux kernel: xhci_hcd 0000:c1:00.4: Host supports USB 3.1 Enhanced SuperSpeed
 9月 25 17:27:21 archlinux kernel: usb usb3: New USB device found, idVendor=1d6b, idProduct=0002, bcdDevice= 6.10
 9月 25 17:27:21 archlinux kernel: usb usb3: New USB device strings: Mfr=3, Product=2, SerialNumber=1
 9月 25 17:27:21 archlinux kernel: usb usb3: Product: xHCI Host Controller
 9月 25 17:27:21 archlinux kernel: usb usb3: Manufacturer: Linux 6.10.10-arch1-1 xhci-hcd
 9月 25 17:27:21 archlinux kernel: usb usb3: SerialNumber: 0000:c1:00.4
 9月 25 17:27:21 archlinux kernel: hub 3-0:1.0: USB hub found
 9月 25 17:27:21 archlinux kernel: hub 3-0:1.0: 1 port detected
 9月 25 17:27:21 archlinux kernel: usb usb4: We don't know the algorithms for LPM for this host, disabling LPM.
 9月 25 17:27:21 archlinux kernel: usb usb4: New USB device found, idVendor=1d6b, idProduct=0003, bcdDevice= 6.10
 9月 25 17:27:21 archlinux kernel: usb usb4: New USB device strings: Mfr=3, Product=2, SerialNumber=1
 9月 25 17:27:21 archlinux kernel: usb usb4: Product: xHCI Host Controller
 9月 25 17:27:21 archlinux kernel: usb usb4: Manufacturer: Linux 6.10.10-arch1-1 xhci-hcd
 9月 25 17:27:21 archlinux kernel: usb usb4: SerialNumber: 0000:c1:00.4
 9月 25 17:27:21 archlinux kernel: hub 4-0:1.0: USB hub found
 9月 25 17:27:21 archlinux kernel: hub 4-0:1.0: 1 port detected
 9月 25 17:27:21 archlinux kernel: xhci_hcd 0000:c3:00.3: xHCI Host Controller
 9月 25 17:27:21 archlinux kernel: xhci_hcd 0000:c3:00.3: new USB bus registered, assigned bus number 5
 9月 25 17:27:21 archlinux kernel: xhci_hcd 0000:c3:00.3: hcc params 0x0110ffc5 hci version 0x120 quirks 0x0000000200000010
 9月 25 17:27:21 archlinux kernel: xhci_hcd 0000:c3:00.3: xHCI Host Controller
 9月 25 17:27:21 archlinux kernel: xhci_hcd 0000:c3:00.3: new USB bus registered, assigned bus number 6
 9月 25 17:27:21 archlinux kernel: xhci_hcd 0000:c3:00.3: Host supports USB 3.1 Enhanced SuperSpeed
 9月 25 17:27:21 archlinux kernel: usb usb5: New USB device found, idVendor=1d6b, idProduct=0002, bcdDevice= 6.10
 9月 25 17:27:21 archlinux kernel: usb usb5: New USB device strings: Mfr=3, Product=2, SerialNumber=1
 9月 25 17:27:21 archlinux kernel: usb usb5: Product: xHCI Host Controller
 9月 25 17:27:21 archlinux kernel: usb usb5: Manufacturer: Linux 6.10.10-arch1-1 xhci-hcd
 9月 25 17:27:21 archlinux kernel: usb usb5: SerialNumber: 0000:c3:00.3
 9月 25 17:27:21 archlinux kernel: hub 5-0:1.0: USB hub found
 9月 25 17:27:21 archlinux kernel: hub 5-0:1.0: 1 port detected
 9月 25 17:27:21 archlinux kernel: usb usb6: We don't know the algorithms for LPM for this host, disabling LPM.
 9月 25 17:27:21 archlinux kernel: usb usb6: New USB device found, idVendor=1d6b, idProduct=0003, bcdDevice= 6.10
 9月 25 17:27:21 archlinux kernel: usb usb6: New USB device strings: Mfr=3, Product=2, SerialNumber=1
 9月 25 17:27:21 archlinux kernel: usb usb6: Product: xHCI Host Controller
 9月 25 17:27:21 archlinux kernel: usb usb6: Manufacturer: Linux 6.10.10-arch1-1 xhci-hcd
 9月 25 17:27:21 archlinux kernel: usb usb6: SerialNumber: 0000:c3:00.3
 9月 25 17:27:21 archlinux kernel: hub 6-0:1.0: USB hub found
 9月 25 17:27:21 archlinux kernel: hub 6-0:1.0: 1 port detected
 9月 25 17:27:21 archlinux kernel: xhci_hcd 0000:c3:00.4: xHCI Host Controller
 9月 25 17:27:21 archlinux kernel: xhci_hcd 0000:c3:00.4: new USB bus registered, assigned bus number 7
 9月 25 17:27:21 archlinux kernel: xhci_hcd 0000:c3:00.4: hcc params 0x0110ffc5 hci version 0x120 quirks 0x0000000200000010
 9月 25 17:27:21 archlinux kernel: xhci_hcd 0000:c3:00.4: xHCI Host Controller
 9月 25 17:27:21 archlinux kernel: xhci_hcd 0000:c3:00.4: new USB bus registered, assigned bus number 8
 9月 25 17:27:21 archlinux kernel: xhci_hcd 0000:c3:00.4: Host supports USB 3.1 Enhanced SuperSpeed
 9月 25 17:27:21 archlinux kernel: usb usb7: New USB device found, idVendor=1d6b, idProduct=0002, bcdDevice= 6.10
 9月 25 17:27:21 archlinux kernel: usb usb7: New USB device strings: Mfr=3, Product=2, SerialNumber=1
 9月 25 17:27:21 archlinux kernel: usb usb7: Product: xHCI Host Controller
 9月 25 17:27:21 archlinux kernel: usb usb7: Manufacturer: Linux 6.10.10-arch1-1 xhci-hcd
 9月 25 17:27:21 archlinux kernel: usb usb7: SerialNumber: 0000:c3:00.4
 9月 25 17:27:21 archlinux kernel: hub 7-0:1.0: USB hub found
 9月 25 17:27:21 archlinux kernel: hub 7-0:1.0: 1 port detected
 9月 25 17:27:21 archlinux kernel: usb usb8: We don't know the algorithms for LPM for this host, disabling LPM.
 9月 25 17:27:21 archlinux kernel: usb usb8: New USB device found, idVendor=1d6b, idProduct=0003, bcdDevice= 6.10
 9月 25 17:27:21 archlinux kernel: usb usb8: New USB device strings: Mfr=3, Product=2, SerialNumber=1
 9月 25 17:27:21 archlinux kernel: usb usb8: Product: xHCI Host Controller
 9月 25 17:27:21 archlinux kernel: usb usb8: Manufacturer: Linux 6.10.10-arch1-1 xhci-hcd
 9月 25 17:27:21 archlinux kernel: usb usb8: SerialNumber: 0000:c3:00.4
 9月 25 17:27:21 archlinux kernel: hub 8-0:1.0: USB hub found
 9月 25 17:27:21 archlinux kernel: hub 8-0:1.0: 1 port detected
 9月 25 17:27:21 archlinux kernel: nvme nvme0: allocated 32 MiB host memory buffer.
 9月 25 17:27:21 archlinux kernel: nvme nvme0: 16/0/0 default/read/poll queues
 9月 25 17:27:21 archlinux kernel:  nvme0n1: p1 p2 p3
 9月 25 17:27:21 archlinux kernel: input: AT Translated Set 2 keyboard as /devices/platform/i8042/serio0/input/input3
 9月 25 17:27:21 archlinux kernel: device-mapper: uevent: version 1.0.3
 9月 25 17:27:21 archlinux kernel: device-mapper: ioctl: 4.48.0-ioctl (2023-03-01) initialised: dm-devel@lists.linux.dev
 9月 25 17:27:22 archlinux kernel: usb 1-4: new full-speed USB device number 2 using xhci_hcd
 9月 25 17:27:22 archlinux kernel: usb 3-1: new high-speed USB device number 2 using xhci_hcd
 9月 25 17:27:22 archlinux kernel: usb 1-4: New USB device found, idVendor=27c6, idProduct=609c, bcdDevice= 1.00
 9月 25 17:27:22 archlinux kernel: usb 1-4: New USB device strings: Mfr=1, Product=2, SerialNumber=3
 9月 25 17:27:22 archlinux kernel: usb 1-4: Product: Goodix USB2.0 MISC
 9月 25 17:27:22 archlinux kernel: usb 1-4: Manufacturer: Goodix Technology Co., Ltd.
 9月 25 17:27:22 archlinux kernel: usb 1-4: SerialNumber: UID3B189342_XXXX_MOC_B0
 9月 25 17:27:22 archlinux kernel: usb 1-5: new full-speed USB device number 3 using xhci_hcd
 9月 25 17:27:22 archlinux kernel: tsc: Refined TSC clocksource calibration: 3293.840 MHz
 9月 25 17:27:22 archlinux kernel: clocksource: tsc: mask: 0xffffffffffffffff max_cycles: 0x2f7a910f90f, max_idle_ns: 440795277462 ns
 9月 25 17:27:22 archlinux kernel: clocksource: Switched to clocksource tsc
 9月 25 17:27:22 archlinux kernel: usb 1-5: New USB device found, idVendor=8087, idProduct=0032, bcdDevice= 0.00
 9月 25 17:27:22 archlinux kernel: usb 1-5: New USB device strings: Mfr=0, Product=0, SerialNumber=0
 9月 25 17:27:22 archlinux kernel: usb 3-1: New USB device found, idVendor=32ac, idProduct=001c, bcdDevice= 1.11
 9月 25 17:27:22 archlinux kernel: usb 3-1: New USB device strings: Mfr=3, Product=1, SerialNumber=2
 9月 25 17:27:22 archlinux kernel: usb 3-1: Product: Laptop Webcam Module (2nd Gen)
 9月 25 17:27:22 archlinux kernel: usb 3-1: Manufacturer: Framework
 9月 25 17:27:22 archlinux kernel: usb 3-1: SerialNumber: FRANJBCHA14252016J
 9月 25 17:27:22 archlinux kernel: [drm] amdgpu kernel modesetting enabled.
 9月 25 17:27:22 archlinux kernel: amdgpu: Virtual CRAT table created for CPU
 9月 25 17:27:22 archlinux kernel: amdgpu: Topology: Add CPU node
 9月 25 17:27:22 archlinux kernel: [drm] initializing kernel modesetting (IP DISCOVERY 0x1002:0x15BF 0xF111:0x0006 0xC4).
 9月 25 17:27:22 archlinux kernel: [drm] register mmio base: 0x90500000
 9月 25 17:27:22 archlinux kernel: [drm] register mmio size: 524288
 9月 25 17:27:22 archlinux kernel: [drm] add ip block number 0 <soc21_common>
 9月 25 17:27:22 archlinux kernel: [drm] add ip block number 1 <gmc_v11_0>
 9月 25 17:27:22 archlinux kernel: [drm] add ip block number 2 <ih_v6_0>
